------------------------------------------------------------
TimeQuest Timing Analyzer Summary
------------------------------------------------------------

Type  : Slow Model Setup 'clk'
Slack : -36.481
TNS   : -428.677

Type  : Slow Model Setup 'not_reset'
Slack : -35.651
TNS   : -238.966

Type  : Slow Model Hold 'not_reset'
Slack : -17.985
TNS   : -89.706

Type  : Slow Model Hold 'clk'
Slack : -4.925
TNS   : -14.645

Type  : Slow Model Recovery 'not_reset'
Slack : -37.250
TNS   : -81.301

Type  : Slow Model Recovery 'clk'
Slack : -0.502
TNS   : -3.496

Type  : Slow Model Removal 'not_reset'
Slack : -15.381
TNS   : -21.324

Type  : Slow Model Removal 'clk'
Slack : 0.537
TNS   : 0.000

Type  : Slow Model Minimum Pulse Width 'not_reset'
Slack : -16.577
TNS   : -1197.351

Type  : Slow Model Minimum Pulse Width 'clk'
Slack : -4.536
TNS   : -77.355

Type  : Fast Model Setup 'clk'
Slack : -11.351
TNS   : -132.003

Type  : Fast Model Setup 'not_reset'
Slack : -11.210
TNS   : -72.390

Type  : Fast Model Hold 'not_reset'
Slack : -5.823
TNS   : -30.305

Type  : Fast Model Hold 'clk'
Slack : -1.613
TNS   : -4.794

Type  : Fast Model Recovery 'not_reset'
Slack : -11.637
TNS   : -24.829

Type  : Fast Model Recovery 'clk'
Slack : 0.125
TNS   : 0.000

Type  : Fast Model Removal 'not_reset'
Slack : -4.999
TNS   : -7.824

Type  : Fast Model Removal 'clk'
Slack : 0.019
TNS   : 0.000

Type  : Fast Model Minimum Pulse Width 'not_reset'
Slack : -5.024
TNS   : -330.536

Type  : Fast Model Minimum Pulse Width 'clk'
Slack : -1.380
TNS   : -27.466

------------------------------------------------------------
