------------------------------------------------------------
TimeQuest Timing Analyzer Summary
------------------------------------------------------------

Type  : Slow Model Setup 'divide_by_n:clock_divider|clk_out_int'
Slack : -21.685
TNS   : -113.461

Type  : Slow Model Setup 'clk'
Slack : -17.728
TNS   : -67.066

Type  : Slow Model Hold 'divide_by_n:clock_divider|clk_out_int'
Slack : -12.662
TNS   : -13.914

Type  : Slow Model Hold 'clk'
Slack : -2.425
TNS   : -2.425

Type  : Slow Model Recovery 'divide_by_n:clock_divider|clk_out_int'
Slack : -14.119
TNS   : -14.119

Type  : Slow Model Removal 'divide_by_n:clock_divider|clk_out_int'
Slack : -1.448
TNS   : -1.448

Type  : Slow Model Minimum Pulse Width 'divide_by_n:clock_divider|clk_out_int'
Slack : -12.055
TNS   : -304.318

Type  : Slow Model Minimum Pulse Width 'clk'
Slack : -1.631
TNS   : -5.297

Type  : Fast Model Setup 'divide_by_n:clock_divider|clk_out_int'
Slack : -6.416
TNS   : -33.262

Type  : Fast Model Setup 'clk'
Slack : -5.273
TNS   : -18.933

Type  : Fast Model Hold 'divide_by_n:clock_divider|clk_out_int'
Slack : -4.067
TNS   : -4.518

Type  : Fast Model Hold 'clk'
Slack : -1.287
TNS   : -1.815

Type  : Fast Model Recovery 'divide_by_n:clock_divider|clk_out_int'
Slack : -4.269
TNS   : -4.269

Type  : Fast Model Removal 'divide_by_n:clock_divider|clk_out_int'
Slack : -0.429
TNS   : -0.429

Type  : Fast Model Minimum Pulse Width 'divide_by_n:clock_divider|clk_out_int'
Slack : -3.572
TNS   : -79.340

Type  : Fast Model Minimum Pulse Width 'clk'
Slack : -1.380
TNS   : -4.380

------------------------------------------------------------
