Analysis & Synthesis report for tty_state_gen
Thu Feb  2 22:34:02 2017
Quartus II 64-Bit Version 13.0.1 Build 232 06/12/2013 Service Pack 1 SJ Web Edition


---------------------
; Table of Contents ;
---------------------
  1. Legal Notice
  2. Analysis & Synthesis Summary
  3. Analysis & Synthesis Settings
  4. Parallel Compilation
  5. Analysis & Synthesis Source Files Read
  6. Analysis & Synthesis Resource Usage Summary
  7. Analysis & Synthesis Resource Utilization by Entity
  8. Logic Cells Representing Combinational Loops
  9. General Register Statistics
 10. Port Connectivity Checks: "ms_jk_ff:ms_jk_ff_2"
 11. Port Connectivity Checks: "counter_4_bit:tty_output_counter|ms_jk_ff:ms_jk_ff_3"
 12. Port Connectivity Checks: "counter_4_bit:tty_output_counter|ms_jk_ff:ms_jk_ff_2"
 13. Port Connectivity Checks: "counter_4_bit:tty_output_counter|ms_jk_ff:ms_jk_ff_1"
 14. Port Connectivity Checks: "counter_4_bit:tty_output_counter|ms_jk_ff:ms_jk_ff_0"
 15. Port Connectivity Checks: "NOT_gate:not_2"
 16. Elapsed Time Per Partition
 17. Analysis & Synthesis Messages



----------------
; Legal Notice ;
----------------
Copyright (C) 1991-2013 Altera Corporation
Your use of Altera Corporation's design tools, logic functions 
and other software and tools, and its AMPP partner logic 
functions, and any output files from any of the foregoing 
(including device programming or simulation files), and any 
associated documentation or information are expressly subject 
to the terms and conditions of the Altera Program License 
Subscription Agreement, Altera MegaCore Function License 
Agreement, or other applicable license agreement, including, 
without limitation, that your use is for the sole purpose of 
programming logic devices manufactured by Altera and sold by 
Altera or its authorized distributors.  Please refer to the 
applicable agreement for further details.



+--------------------------------------------------------------------------------------+
; Analysis & Synthesis Summary                                                         ;
+------------------------------------+-------------------------------------------------+
; Analysis & Synthesis Status        ; Successful - Thu Feb  2 22:34:02 2017           ;
; Quartus II 64-Bit Version          ; 13.0.1 Build 232 06/12/2013 SP 1 SJ Web Edition ;
; Revision Name                      ; tty_state_gen                                   ;
; Top-level Entity Name              ; tty_state_gen                                   ;
; Family                             ; Cyclone II                                      ;
; Total logic elements               ; 39                                              ;
;     Total combinational functions  ; 39                                              ;
;     Dedicated logic registers      ; 0                                               ;
; Total registers                    ; 0                                               ;
; Total pins                         ; 11                                              ;
; Total virtual pins                 ; 0                                               ;
; Total memory bits                  ; 0                                               ;
; Embedded Multiplier 9-bit elements ; 0                                               ;
; Total PLLs                         ; 0                                               ;
+------------------------------------+-------------------------------------------------+


+----------------------------------------------------------------------------------------------------------------------+
; Analysis & Synthesis Settings                                                                                        ;
+----------------------------------------------------------------------------+--------------------+--------------------+
; Option                                                                     ; Setting            ; Default Value      ;
+----------------------------------------------------------------------------+--------------------+--------------------+
; Device                                                                     ; EP2C5AT144A7       ;                    ;
; Top-level entity name                                                      ; tty_state_gen      ; tty_state_gen      ;
; Family name                                                                ; Cyclone II         ; Cyclone IV GX      ;
; Use smart compilation                                                      ; Off                ; Off                ;
; Enable parallel Assembler and TimeQuest Timing Analyzer during compilation ; On                 ; On                 ;
; Enable compact report table                                                ; Off                ; Off                ;
; Restructure Multiplexers                                                   ; Auto               ; Auto               ;
; Create Debugging Nodes for IP Cores                                        ; Off                ; Off                ;
; Preserve fewer node names                                                  ; On                 ; On                 ;
; Disable OpenCore Plus hardware evaluation                                  ; Off                ; Off                ;
; Verilog Version                                                            ; Verilog_2001       ; Verilog_2001       ;
; VHDL Version                                                               ; VHDL_1993          ; VHDL_1993          ;
; State Machine Processing                                                   ; Auto               ; Auto               ;
; Safe State Machine                                                         ; Off                ; Off                ;
; Extract Verilog State Machines                                             ; On                 ; On                 ;
; Extract VHDL State Machines                                                ; On                 ; On                 ;
; Ignore Verilog initial constructs                                          ; Off                ; Off                ;
; Iteration limit for constant Verilog loops                                 ; 5000               ; 5000               ;
; Iteration limit for non-constant Verilog loops                             ; 250                ; 250                ;
; Add Pass-Through Logic to Inferred RAMs                                    ; On                 ; On                 ;
; Infer RAMs from Raw Logic                                                  ; On                 ; On                 ;
; Parallel Synthesis                                                         ; On                 ; On                 ;
; DSP Block Balancing                                                        ; Auto               ; Auto               ;
; NOT Gate Push-Back                                                         ; On                 ; On                 ;
; Power-Up Don't Care                                                        ; On                 ; On                 ;
; Remove Redundant Logic Cells                                               ; Off                ; Off                ;
; Remove Duplicate Registers                                                 ; On                 ; On                 ;
; Ignore CARRY Buffers                                                       ; Off                ; Off                ;
; Ignore CASCADE Buffers                                                     ; Off                ; Off                ;
; Ignore GLOBAL Buffers                                                      ; Off                ; Off                ;
; Ignore ROW GLOBAL Buffers                                                  ; Off                ; Off                ;
; Ignore LCELL Buffers                                                       ; Off                ; Off                ;
; Ignore SOFT Buffers                                                        ; On                 ; On                 ;
; Limit AHDL Integers to 32 Bits                                             ; Off                ; Off                ;
; Optimization Technique                                                     ; Balanced           ; Balanced           ;
; Carry Chain Length                                                         ; 70                 ; 70                 ;
; Auto Carry Chains                                                          ; On                 ; On                 ;
; Auto Open-Drain Pins                                                       ; On                 ; On                 ;
; Perform WYSIWYG Primitive Resynthesis                                      ; Off                ; Off                ;
; Auto ROM Replacement                                                       ; On                 ; On                 ;
; Auto RAM Replacement                                                       ; On                 ; On                 ;
; Auto Shift Register Replacement                                            ; Auto               ; Auto               ;
; Allow Shift Register Merging across Hierarchies                            ; Auto               ; Auto               ;
; Auto Clock Enable Replacement                                              ; On                 ; On                 ;
; Strict RAM Replacement                                                     ; Off                ; Off                ;
; Allow Synchronous Control Signals                                          ; On                 ; On                 ;
; Force Use of Synchronous Clear Signals                                     ; Off                ; Off                ;
; Auto RAM to Logic Cell Conversion                                          ; Off                ; Off                ;
; Auto Resource Sharing                                                      ; Off                ; Off                ;
; Allow Any RAM Size For Recognition                                         ; Off                ; Off                ;
; Allow Any ROM Size For Recognition                                         ; Off                ; Off                ;
; Allow Any Shift Register Size For Recognition                              ; Off                ; Off                ;
; Use LogicLock Constraints during Resource Balancing                        ; On                 ; On                 ;
; Ignore translate_off and synthesis_off directives                          ; Off                ; Off                ;
; Timing-Driven Synthesis                                                    ; Off                ; Off                ;
; Report Parameter Settings                                                  ; On                 ; On                 ;
; Report Source Assignments                                                  ; On                 ; On                 ;
; Report Connectivity Checks                                                 ; On                 ; On                 ;
; Ignore Maximum Fan-Out Assignments                                         ; Off                ; Off                ;
; Synchronization Register Chain Length                                      ; 2                  ; 2                  ;
; PowerPlay Power Optimization                                               ; Normal compilation ; Normal compilation ;
; HDL message level                                                          ; Level2             ; Level2             ;
; Suppress Register Optimization Related Messages                            ; Off                ; Off                ;
; Number of Removed Registers Reported in Synthesis Report                   ; 5000               ; 5000               ;
; Number of Swept Nodes Reported in Synthesis Report                         ; 5000               ; 5000               ;
; Number of Inverted Registers Reported in Synthesis Report                  ; 100                ; 100                ;
; Clock MUX Protection                                                       ; On                 ; On                 ;
; Auto Gated Clock Conversion                                                ; Off                ; Off                ;
; Block Design Naming                                                        ; Auto               ; Auto               ;
; SDC constraint protection                                                  ; Off                ; Off                ;
; Synthesis Effort                                                           ; Auto               ; Auto               ;
; Shift Register Replacement - Allow Asynchronous Clear Signal               ; On                 ; On                 ;
; Pre-Mapping Resynthesis Optimization                                       ; Off                ; Off                ;
; Analysis & Synthesis Message Level                                         ; Medium             ; Medium             ;
; Disable Register Merging Across Hierarchies                                ; Auto               ; Auto               ;
; Resource Aware Inference For Block RAM                                     ; On                 ; On                 ;
; Synthesis Seed                                                             ; 1                  ; 1                  ;
+----------------------------------------------------------------------------+--------------------+--------------------+


Parallel compilation was disabled, but you have multiple processors available. Enable parallel compilation to reduce compilation time.
+-------------------------------------+
; Parallel Compilation                ;
+----------------------------+--------+
; Processors                 ; Number ;
+----------------------------+--------+
; Number detected on machine ; 2      ;
; Maximum allowed            ; 1      ;
+----------------------------+--------+


+-------------------------------------------------------------------------------------------------------------------------------------------------------------------------------+
; Analysis & Synthesis Source Files Read                                                                                                                                        ;
+------------------------------------------------+-----------------+-----------------+--------------------------------------------------------------------------------+---------+
; File Name with User-Entered Path               ; Used in Netlist ; File Type       ; File Name with Absolute Path                                                   ; Library ;
+------------------------------------------------+-----------------+-----------------+--------------------------------------------------------------------------------+---------+
; ../../ms_jk_ff/ms_jk_ff.vhd                    ; yes             ; User VHDL File  ; /home/sebsikora/altera/projects/pdp-8/ms_jk_ff/ms_jk_ff.vhd                    ;         ;
; ../../ms_jk_ff/basic_gates.vhd                 ; yes             ; User VHDL File  ; /home/sebsikora/altera/projects/pdp-8/ms_jk_ff/basic_gates.vhd                 ;         ;
; ../../counters/counter_4_bit/counter_4_bit.vhd ; yes             ; User VHDL File  ; /home/sebsikora/altera/projects/pdp-8/counters/counter_4_bit/counter_4_bit.vhd ;         ;
; tty_state_gen.vhd                              ; yes             ; User VHDL File  ; /home/sebsikora/altera/projects/pdp-8/tty/tty_state_gen/tty_state_gen.vhd      ;         ;
+------------------------------------------------+-----------------+-----------------+--------------------------------------------------------------------------------+---------+


+---------------------------------------------------------------------------------------------+
; Analysis & Synthesis Resource Usage Summary                                                 ;
+---------------------------------------------+-----------------------------------------------+
; Resource                                    ; Usage                                         ;
+---------------------------------------------+-----------------------------------------------+
; Estimated Total logic elements              ; 39                                            ;
;                                             ;                                               ;
; Total combinational functions               ; 39                                            ;
; Logic element usage by number of LUT inputs ;                                               ;
;     -- 4 input functions                    ; 27                                            ;
;     -- 3 input functions                    ; 6                                             ;
;     -- <=2 input functions                  ; 6                                             ;
;                                             ;                                               ;
; Logic elements by mode                      ;                                               ;
;     -- normal mode                          ; 39                                            ;
;     -- arithmetic mode                      ; 0                                             ;
;                                             ;                                               ;
; Total registers                             ; 0                                             ;
;     -- Dedicated logic registers            ; 0                                             ;
;     -- I/O registers                        ; 0                                             ;
;                                             ;                                               ;
; I/O pins                                    ; 11                                            ;
; Embedded Multiplier 9-bit elements          ; 0                                             ;
; Maximum fan-out node                        ; ms_jk_ff:ms_jk_ff_2|NAND_gate:nand_5|output~1 ;
; Maximum fan-out                             ; 13                                            ;
; Total fan-out                               ; 143                                           ;
; Average fan-out                             ; 2.86                                          ;
+---------------------------------------------+-----------------------------------------------+


+-------------------------------------------------------------------------------------------------------------------------------------------------------------------------------------------------------------------------------------------------------------+
; Analysis & Synthesis Resource Utilization by Entity                                                                                                                                                                                                         ;
+---------------------------------------+-------------------+--------------+-------------+--------------+---------+-----------+------+--------------+------------------------------------------------------------------------------------------+--------------+
; Compilation Hierarchy Node            ; LC Combinationals ; LC Registers ; Memory Bits ; DSP Elements ; DSP 9x9 ; DSP 18x18 ; Pins ; Virtual Pins ; Full Hierarchy Name                                                                      ; Library Name ;
+---------------------------------------+-------------------+--------------+-------------+--------------+---------+-----------+------+--------------+------------------------------------------------------------------------------------------+--------------+
; |tty_state_gen                        ; 39 (0)            ; 0 (0)        ; 0           ; 0            ; 0       ; 0         ; 11   ; 0            ; |tty_state_gen                                                                           ; work         ;
;    |AND_3_gate:and_4|                 ; 1 (1)             ; 0 (0)        ; 0           ; 0            ; 0       ; 0         ; 0    ; 0            ; |tty_state_gen|AND_3_gate:and_4                                                          ; work         ;
;    |AND_gate:and_1|                   ; 1 (1)             ; 0 (0)        ; 0           ; 0            ; 0       ; 0         ; 0    ; 0            ; |tty_state_gen|AND_gate:and_1                                                            ; work         ;
;    |AND_gate:and_2|                   ; 1 (1)             ; 0 (0)        ; 0           ; 0            ; 0       ; 0         ; 0    ; 0            ; |tty_state_gen|AND_gate:and_2                                                            ; work         ;
;    |AND_gate:and_3|                   ; 1 (1)             ; 0 (0)        ; 0           ; 0            ; 0       ; 0         ; 0    ; 0            ; |tty_state_gen|AND_gate:and_3                                                            ; work         ;
;    |NAND_gate:nand_0|                 ; 1 (1)             ; 0 (0)        ; 0           ; 0            ; 0       ; 0         ; 0    ; 0            ; |tty_state_gen|NAND_gate:nand_0                                                          ; work         ;
;    |NOR_4_gate:nor_0|                 ; 1 (1)             ; 0 (0)        ; 0           ; 0            ; 0       ; 0         ; 0    ; 0            ; |tty_state_gen|NOR_4_gate:nor_0                                                          ; work         ;
;    |OR_gate:or_2|                     ; 1 (1)             ; 0 (0)        ; 0           ; 0            ; 0       ; 0         ; 0    ; 0            ; |tty_state_gen|OR_gate:or_2                                                              ; work         ;
;    |OR_gate:or_3|                     ; 2 (2)             ; 0 (0)        ; 0           ; 0            ; 0       ; 0         ; 0    ; 0            ; |tty_state_gen|OR_gate:or_3                                                              ; work         ;
;    |counter_4_bit:tty_output_counter| ; 16 (0)            ; 0 (0)        ; 0           ; 0            ; 0       ; 0         ; 0    ; 0            ; |tty_state_gen|counter_4_bit:tty_output_counter                                          ; work         ;
;       |ms_jk_ff:ms_jk_ff_0|           ; 3 (0)             ; 0 (0)        ; 0           ; 0            ; 0       ; 0         ; 0    ; 0            ; |tty_state_gen|counter_4_bit:tty_output_counter|ms_jk_ff:ms_jk_ff_0                      ; work         ;
;          |NAND_gate:nand_1|           ; 2 (2)             ; 0 (0)        ; 0           ; 0            ; 0       ; 0         ; 0    ; 0            ; |tty_state_gen|counter_4_bit:tty_output_counter|ms_jk_ff:ms_jk_ff_0|NAND_gate:nand_1     ; work         ;
;          |NAND_gate:nand_5|           ; 1 (1)             ; 0 (0)        ; 0           ; 0            ; 0       ; 0         ; 0    ; 0            ; |tty_state_gen|counter_4_bit:tty_output_counter|ms_jk_ff:ms_jk_ff_0|NAND_gate:nand_5     ; work         ;
;       |ms_jk_ff:ms_jk_ff_1|           ; 4 (0)             ; 0 (0)        ; 0           ; 0            ; 0       ; 0         ; 0    ; 0            ; |tty_state_gen|counter_4_bit:tty_output_counter|ms_jk_ff:ms_jk_ff_1                      ; work         ;
;          |NAND_3_gate:nand_3_3|       ; 1 (1)             ; 0 (0)        ; 0           ; 0            ; 0       ; 0         ; 0    ; 0            ; |tty_state_gen|counter_4_bit:tty_output_counter|ms_jk_ff:ms_jk_ff_1|NAND_3_gate:nand_3_3 ; work         ;
;          |NAND_gate:nand_1|           ; 2 (2)             ; 0 (0)        ; 0           ; 0            ; 0       ; 0         ; 0    ; 0            ; |tty_state_gen|counter_4_bit:tty_output_counter|ms_jk_ff:ms_jk_ff_1|NAND_gate:nand_1     ; work         ;
;          |NAND_gate:nand_5|           ; 1 (1)             ; 0 (0)        ; 0           ; 0            ; 0       ; 0         ; 0    ; 0            ; |tty_state_gen|counter_4_bit:tty_output_counter|ms_jk_ff:ms_jk_ff_1|NAND_gate:nand_5     ; work         ;
;       |ms_jk_ff:ms_jk_ff_2|           ; 6 (0)             ; 0 (0)        ; 0           ; 0            ; 0       ; 0         ; 0    ; 0            ; |tty_state_gen|counter_4_bit:tty_output_counter|ms_jk_ff:ms_jk_ff_2                      ; work         ;
;          |NAND_3_gate:nand_3_1|       ; 3 (3)             ; 0 (0)        ; 0           ; 0            ; 0       ; 0         ; 0    ; 0            ; |tty_state_gen|counter_4_bit:tty_output_counter|ms_jk_ff:ms_jk_ff_2|NAND_3_gate:nand_3_1 ; work         ;
;          |NAND_3_gate:nand_3_3|       ; 1 (1)             ; 0 (0)        ; 0           ; 0            ; 0       ; 0         ; 0    ; 0            ; |tty_state_gen|counter_4_bit:tty_output_counter|ms_jk_ff:ms_jk_ff_2|NAND_3_gate:nand_3_3 ; work         ;
;          |NAND_gate:nand_1|           ; 1 (1)             ; 0 (0)        ; 0           ; 0            ; 0       ; 0         ; 0    ; 0            ; |tty_state_gen|counter_4_bit:tty_output_counter|ms_jk_ff:ms_jk_ff_2|NAND_gate:nand_1     ; work         ;
;          |NAND_gate:nand_5|           ; 1 (1)             ; 0 (0)        ; 0           ; 0            ; 0       ; 0         ; 0    ; 0            ; |tty_state_gen|counter_4_bit:tty_output_counter|ms_jk_ff:ms_jk_ff_2|NAND_gate:nand_5     ; work         ;
;       |ms_jk_ff:ms_jk_ff_3|           ; 3 (0)             ; 0 (0)        ; 0           ; 0            ; 0       ; 0         ; 0    ; 0            ; |tty_state_gen|counter_4_bit:tty_output_counter|ms_jk_ff:ms_jk_ff_3                      ; work         ;
;          |NAND_gate:nand_1|           ; 2 (2)             ; 0 (0)        ; 0           ; 0            ; 0       ; 0         ; 0    ; 0            ; |tty_state_gen|counter_4_bit:tty_output_counter|ms_jk_ff:ms_jk_ff_3|NAND_gate:nand_1     ; work         ;
;          |NAND_gate:nand_5|           ; 1 (1)             ; 0 (0)        ; 0           ; 0            ; 0       ; 0         ; 0    ; 0            ; |tty_state_gen|counter_4_bit:tty_output_counter|ms_jk_ff:ms_jk_ff_3|NAND_gate:nand_5     ; work         ;
;    |ms_jk_ff:ms_jk_ff_0|              ; 8 (0)             ; 0 (0)        ; 0           ; 0            ; 0       ; 0         ; 0    ; 0            ; |tty_state_gen|ms_jk_ff:ms_jk_ff_0                                                       ; work         ;
;       |NAND_3_gate:nand_3_1|          ; 1 (1)             ; 0 (0)        ; 0           ; 0            ; 0       ; 0         ; 0    ; 0            ; |tty_state_gen|ms_jk_ff:ms_jk_ff_0|NAND_3_gate:nand_3_1                                  ; work         ;
;       |NAND_3_gate:nand_3_3|          ; 2 (2)             ; 0 (0)        ; 0           ; 0            ; 0       ; 0         ; 0    ; 0            ; |tty_state_gen|ms_jk_ff:ms_jk_ff_0|NAND_3_gate:nand_3_3                                  ; work         ;
;       |NAND_gate:nand_1|              ; 1 (1)             ; 0 (0)        ; 0           ; 0            ; 0       ; 0         ; 0    ; 0            ; |tty_state_gen|ms_jk_ff:ms_jk_ff_0|NAND_gate:nand_1                                      ; work         ;
;       |NAND_gate:nand_5|              ; 2 (2)             ; 0 (0)        ; 0           ; 0            ; 0       ; 0         ; 0    ; 0            ; |tty_state_gen|ms_jk_ff:ms_jk_ff_0|NAND_gate:nand_5                                      ; work         ;
;       |NAND_gate:nand_6|              ; 2 (2)             ; 0 (0)        ; 0           ; 0            ; 0       ; 0         ; 0    ; 0            ; |tty_state_gen|ms_jk_ff:ms_jk_ff_0|NAND_gate:nand_6                                      ; work         ;
;    |ms_jk_ff:ms_jk_ff_1|              ; 3 (0)             ; 0 (0)        ; 0           ; 0            ; 0       ; 0         ; 0    ; 0            ; |tty_state_gen|ms_jk_ff:ms_jk_ff_1                                                       ; work         ;
;       |NAND_3_gate:nand_3_3|          ; 2 (2)             ; 0 (0)        ; 0           ; 0            ; 0       ; 0         ; 0    ; 0            ; |tty_state_gen|ms_jk_ff:ms_jk_ff_1|NAND_3_gate:nand_3_3                                  ; work         ;
;       |NAND_gate:nand_6|              ; 1 (1)             ; 0 (0)        ; 0           ; 0            ; 0       ; 0         ; 0    ; 0            ; |tty_state_gen|ms_jk_ff:ms_jk_ff_1|NAND_gate:nand_6                                      ; work         ;
;    |ms_jk_ff:ms_jk_ff_2|              ; 3 (0)             ; 0 (0)        ; 0           ; 0            ; 0       ; 0         ; 0    ; 0            ; |tty_state_gen|ms_jk_ff:ms_jk_ff_2                                                       ; work         ;
;       |NAND_gate:nand_1|              ; 2 (2)             ; 0 (0)        ; 0           ; 0            ; 0       ; 0         ; 0    ; 0            ; |tty_state_gen|ms_jk_ff:ms_jk_ff_2|NAND_gate:nand_1                                      ; work         ;
;       |NAND_gate:nand_5|              ; 1 (1)             ; 0 (0)        ; 0           ; 0            ; 0       ; 0         ; 0    ; 0            ; |tty_state_gen|ms_jk_ff:ms_jk_ff_2|NAND_gate:nand_5                                      ; work         ;
+---------------------------------------+-------------------+--------------+-------------+--------------+---------+-----------+------+--------------+------------------------------------------------------------------------------------------+--------------+
Note: For table entries with two numbers listed, the numbers in parentheses indicate the number of resources of the given type used by the specific entity alone. The numbers listed outside of parentheses indicate the total resources of the given type used by the specific entity and all of its sub-entities in the hierarchy.


+-------------------------------------------------------------------------------------+
; Logic Cells Representing Combinational Loops                                        ;
+--------------------------------------------------------------------------------+----+
; Logic Cell Name                                                                ;    ;
+--------------------------------------------------------------------------------+----+
; ms_jk_ff:ms_jk_ff_0|NAND_gate:nand_5|output~0                                  ;    ;
; counter_4_bit:tty_output_counter|ms_jk_ff:ms_jk_ff_1|NAND_gate:nand_5|output~0 ;    ;
; counter_4_bit:tty_output_counter|ms_jk_ff:ms_jk_ff_3|NAND_gate:nand_5|output~0 ;    ;
; ms_jk_ff:ms_jk_ff_2|NAND_gate:nand_5|output~0                                  ;    ;
; counter_4_bit:tty_output_counter|ms_jk_ff:ms_jk_ff_0|NAND_gate:nand_5|output~0 ;    ;
; counter_4_bit:tty_output_counter|ms_jk_ff:ms_jk_ff_2|NAND_gate:nand_5|output~0 ;    ;
; ms_jk_ff:ms_jk_ff_1|NAND_gate:nand_6|output~0                                  ;    ;
; ms_jk_ff:ms_jk_ff_0|NAND_gate:nand_6|output~0                                  ;    ;
; ms_jk_ff:ms_jk_ff_0|NAND_gate:nand_1|output~0                                  ;    ;
; counter_4_bit:tty_output_counter|ms_jk_ff:ms_jk_ff_1|NAND_gate:nand_1|output~0 ;    ;
; counter_4_bit:tty_output_counter|ms_jk_ff:ms_jk_ff_3|NAND_gate:nand_1|output~0 ;    ;
; ms_jk_ff:ms_jk_ff_2|NAND_gate:nand_1|output~0                                  ;    ;
; counter_4_bit:tty_output_counter|ms_jk_ff:ms_jk_ff_0|NAND_gate:nand_1|output~0 ;    ;
; counter_4_bit:tty_output_counter|ms_jk_ff:ms_jk_ff_2|NAND_gate:nand_1|output~0 ;    ;
; ms_jk_ff:ms_jk_ff_1|NAND_3_gate:nand_3_3|output~0                              ;    ;
; OR_gate:or_3|output~0                                                          ;    ;
; Number of logic cells representing combinational loops                         ; 16 ;
+--------------------------------------------------------------------------------+----+
Note: All cells listed above may not be present at the end of synthesis due to various synthesis optimizations.


+------------------------------------------------------+
; General Register Statistics                          ;
+----------------------------------------------+-------+
; Statistic                                    ; Value ;
+----------------------------------------------+-------+
; Total registers                              ; 0     ;
; Number of registers using Synchronous Clear  ; 0     ;
; Number of registers using Synchronous Load   ; 0     ;
; Number of registers using Asynchronous Clear ; 0     ;
; Number of registers using Asynchronous Load  ; 0     ;
; Number of registers using Clock Enable       ; 0     ;
; Number of registers using Preset             ; 0     ;
+----------------------------------------------+-------+


+-----------------------------------------------------------------------------------------------------------------+
; Port Connectivity Checks: "ms_jk_ff:ms_jk_ff_2"                                                                 ;
+-------+--------+----------+-------------------------------------------------------------------------------------+
; Port  ; Type   ; Severity ; Details                                                                             ;
+-------+--------+----------+-------------------------------------------------------------------------------------+
; not_q ; Output ; Info     ; Connected to dangling logic. Logic that only feeds a dangling port will be removed. ;
+-------+--------+----------+-------------------------------------------------------------------------------------+


+-----------------------------------------------------------------------------------------------------------------+
; Port Connectivity Checks: "counter_4_bit:tty_output_counter|ms_jk_ff:ms_jk_ff_3"                                ;
+-------+--------+----------+-------------------------------------------------------------------------------------+
; Port  ; Type   ; Severity ; Details                                                                             ;
+-------+--------+----------+-------------------------------------------------------------------------------------+
; not_q ; Output ; Info     ; Connected to dangling logic. Logic that only feeds a dangling port will be removed. ;
+-------+--------+----------+-------------------------------------------------------------------------------------+


+-----------------------------------------------------------------------------------------------------------------+
; Port Connectivity Checks: "counter_4_bit:tty_output_counter|ms_jk_ff:ms_jk_ff_2"                                ;
+-------+--------+----------+-------------------------------------------------------------------------------------+
; Port  ; Type   ; Severity ; Details                                                                             ;
+-------+--------+----------+-------------------------------------------------------------------------------------+
; not_q ; Output ; Info     ; Connected to dangling logic. Logic that only feeds a dangling port will be removed. ;
+-------+--------+----------+-------------------------------------------------------------------------------------+


+-----------------------------------------------------------------------------------------------------------------+
; Port Connectivity Checks: "counter_4_bit:tty_output_counter|ms_jk_ff:ms_jk_ff_1"                                ;
+-------+--------+----------+-------------------------------------------------------------------------------------+
; Port  ; Type   ; Severity ; Details                                                                             ;
+-------+--------+----------+-------------------------------------------------------------------------------------+
; not_q ; Output ; Info     ; Connected to dangling logic. Logic that only feeds a dangling port will be removed. ;
+-------+--------+----------+-------------------------------------------------------------------------------------+


+-----------------------------------------------------------------------------------------------------------------+
; Port Connectivity Checks: "counter_4_bit:tty_output_counter|ms_jk_ff:ms_jk_ff_0"                                ;
+-------+--------+----------+-------------------------------------------------------------------------------------+
; Port  ; Type   ; Severity ; Details                                                                             ;
+-------+--------+----------+-------------------------------------------------------------------------------------+
; k     ; Input  ; Info     ; Stuck at VCC                                                                        ;
; not_q ; Output ; Info     ; Connected to dangling logic. Logic that only feeds a dangling port will be removed. ;
+-------+--------+----------+-------------------------------------------------------------------------------------+


+------------------------------------------------------------------------------------------------------------------+
; Port Connectivity Checks: "NOT_gate:not_2"                                                                       ;
+--------+--------+----------+-------------------------------------------------------------------------------------+
; Port   ; Type   ; Severity ; Details                                                                             ;
+--------+--------+----------+-------------------------------------------------------------------------------------+
; output ; Output ; Info     ; Connected to dangling logic. Logic that only feeds a dangling port will be removed. ;
+--------+--------+----------+-------------------------------------------------------------------------------------+


+-------------------------------+
; Elapsed Time Per Partition    ;
+----------------+--------------+
; Partition Name ; Elapsed Time ;
+----------------+--------------+
; Top            ; 00:00:00     ;
+----------------+--------------+


+-------------------------------+
; Analysis & Synthesis Messages ;
+-------------------------------+
Info: *******************************************************************
Info: Running Quartus II 64-Bit Analysis & Synthesis
    Info: Version 13.0.1 Build 232 06/12/2013 Service Pack 1 SJ Web Edition
    Info: Processing started: Thu Feb  2 22:34:00 2017
Info: Command: quartus_map --read_settings_files=on --write_settings_files=off tty_state_gen -c tty_state_gen
Warning (20028): Parallel compilation is not licensed and has been disabled
Info (12021): Found 2 design units, including 1 entities, in source file /home/sebsikora/altera/projects/pdp-8/ms_jk_ff/ms_jk_ff.vhd
    Info (12022): Found design unit 1: ms_jk_ff-gates
    Info (12023): Found entity 1: ms_jk_ff
Info (12021): Found 22 design units, including 11 entities, in source file /home/sebsikora/altera/projects/pdp-8/ms_jk_ff/basic_gates.vhd
    Info (12022): Found design unit 1: NOT_gate-rtl
    Info (12022): Found design unit 2: NAND_3_gate-rtl
    Info (12022): Found design unit 3: NAND_gate-rtl
    Info (12022): Found design unit 4: AND_gate-rtl
    Info (12022): Found design unit 5: AND_3_gate-rtl
    Info (12022): Found design unit 6: OR_5_gate-rtl
    Info (12022): Found design unit 7: OR_4_gate-rtl
    Info (12022): Found design unit 8: NOR_4_gate-rtl
    Info (12022): Found design unit 9: OR_3_gate-rtl
    Info (12022): Found design unit 10: OR_gate-rtl
    Info (12022): Found design unit 11: XOR_gate-rtl
    Info (12023): Found entity 1: NOT_gate
    Info (12023): Found entity 2: NAND_3_gate
    Info (12023): Found entity 3: NAND_gate
    Info (12023): Found entity 4: AND_gate
    Info (12023): Found entity 5: AND_3_gate
    Info (12023): Found entity 6: OR_5_gate
    Info (12023): Found entity 7: OR_4_gate
    Info (12023): Found entity 8: NOR_4_gate
    Info (12023): Found entity 9: OR_3_gate
    Info (12023): Found entity 10: OR_gate
    Info (12023): Found entity 11: XOR_gate
Info (12021): Found 2 design units, including 1 entities, in source file /home/sebsikora/altera/projects/pdp-8/counters/counter_4_bit/counter_4_bit.vhd
    Info (12022): Found design unit 1: counter_4_bit-rtl
    Info (12023): Found entity 1: counter_4_bit
Info (12021): Found 2 design units, including 1 entities, in source file tty_state_gen.vhd
    Info (12022): Found design unit 1: tty_state_gen-rtl
    Info (12023): Found entity 1: tty_state_gen
Info (12127): Elaborating entity "tty_state_gen" for the top level hierarchy
Warning (10036): Verilog HDL or VHDL warning at tty_state_gen.vhd(77): object "not_2_output" assigned a value but never read
Warning (10036): Verilog HDL or VHDL warning at tty_state_gen.vhd(103): object "ms_jk_ff_2_not_q" assigned a value but never read
Info (12128): Elaborating entity "NOT_gate" for hierarchy "NOT_gate:not_0"
Info (12128): Elaborating entity "OR_gate" for hierarchy "OR_gate:or_0"
Info (12128): Elaborating entity "AND_gate" for hierarchy "AND_gate:and_0"
Info (12128): Elaborating entity "NAND_gate" for hierarchy "NAND_gate:nand_0"
Info (12128): Elaborating entity "NOR_4_gate" for hierarchy "NOR_4_gate:nor_0"
Info (12128): Elaborating entity "counter_4_bit" for hierarchy "counter_4_bit:tty_output_counter"
Warning (10036): Verilog HDL or VHDL warning at counter_4_bit.vhd(43): object "not_q" assigned a value but never read
Warning (10036): Verilog HDL or VHDL warning at counter_4_bit.vhd(47): object "not_ff_output_0" assigned a value but never read
Warning (10036): Verilog HDL or VHDL warning at counter_4_bit.vhd(48): object "not_ff_output_1" assigned a value but never read
Warning (10036): Verilog HDL or VHDL warning at counter_4_bit.vhd(49): object "not_ff_output_2" assigned a value but never read
Info (12128): Elaborating entity "AND_3_gate" for hierarchy "counter_4_bit:tty_output_counter|AND_3_gate:and_2_0"
Info (12128): Elaborating entity "ms_jk_ff" for hierarchy "counter_4_bit:tty_output_counter|ms_jk_ff:ms_jk_ff_0"
Info (12128): Elaborating entity "NAND_3_gate" for hierarchy "counter_4_bit:tty_output_counter|ms_jk_ff:ms_jk_ff_0|NAND_3_gate:nand_3_1"
Info (16010): Generating hard_block partition "hard_block:auto_generated_inst"
    Info (16011): Adding 0 node(s), including 0 DDIO, 0 PLL, 0 transceiver and 0 LCELL
Info (21057): Implemented 50 device resources after synthesis - the final resource count might be different
    Info (21058): Implemented 6 input pins
    Info (21059): Implemented 5 output pins
    Info (21061): Implemented 39 logic cells
Info: Quartus II 64-Bit Analysis & Synthesis was successful. 0 errors, 7 warnings
    Info: Peak virtual memory: 733 megabytes
    Info: Processing ended: Thu Feb  2 22:34:02 2017
    Info: Elapsed time: 00:00:02
    Info: Total CPU time (on all processors): 00:00:02


