TimeQuest Timing Analyzer report for state_generator
Wed Jan 11 21:02:50 2017
Quartus II 64-Bit Version 13.0.1 Build 232 06/12/2013 Service Pack 1 SJ Web Edition


---------------------
; Table of Contents ;
---------------------
  1. Legal Notice
  2. TimeQuest Timing Analyzer Summary
  3. Parallel Compilation
  4. Clocks
  5. Slow Model Fmax Summary
  6. Slow Model Setup Summary
  7. Slow Model Hold Summary
  8. Slow Model Recovery Summary
  9. Slow Model Removal Summary
 10. Slow Model Minimum Pulse Width Summary
 11. Slow Model Setup: 'clk'
 12. Slow Model Hold: 'clk'
 13. Slow Model Recovery: 'clk'
 14. Slow Model Removal: 'clk'
 15. Slow Model Minimum Pulse Width: 'clk'
 16. Setup Times
 17. Hold Times
 18. Clock to Output Times
 19. Minimum Clock to Output Times
 20. Propagation Delay
 21. Minimum Propagation Delay
 22. Fast Model Setup Summary
 23. Fast Model Hold Summary
 24. Fast Model Recovery Summary
 25. Fast Model Removal Summary
 26. Fast Model Minimum Pulse Width Summary
 27. Fast Model Setup: 'clk'
 28. Fast Model Hold: 'clk'
 29. Fast Model Recovery: 'clk'
 30. Fast Model Removal: 'clk'
 31. Fast Model Minimum Pulse Width: 'clk'
 32. Setup Times
 33. Hold Times
 34. Clock to Output Times
 35. Minimum Clock to Output Times
 36. Propagation Delay
 37. Minimum Propagation Delay
 38. Multicorner Timing Analysis Summary
 39. Setup Times
 40. Hold Times
 41. Clock to Output Times
 42. Minimum Clock to Output Times
 43. Progagation Delay
 44. Minimum Progagation Delay
 45. Setup Transfers
 46. Hold Transfers
 47. Recovery Transfers
 48. Removal Transfers
 49. Report TCCS
 50. Report RSKM
 51. Unconstrained Paths
 52. TimeQuest Timing Analyzer Messages



----------------
; Legal Notice ;
----------------
Copyright (C) 1991-2013 Altera Corporation
Your use of Altera Corporation's design tools, logic functions 
and other software and tools, and its AMPP partner logic 
functions, and any output files from any of the foregoing 
(including device programming or simulation files), and any 
associated documentation or information are expressly subject 
to the terms and conditions of the Altera Program License 
Subscription Agreement, Altera MegaCore Function License 
Agreement, or other applicable license agreement, including, 
without limitation, that your use is for the sole purpose of 
programming logic devices manufactured by Altera and sold by 
Altera or its authorized distributors.  Please refer to the 
applicable agreement for further details.



+----------------------------------------------------------------------------------------+
; TimeQuest Timing Analyzer Summary                                                      ;
+--------------------+-------------------------------------------------------------------+
; Quartus II Version ; Version 13.0.1 Build 232 06/12/2013 Service Pack 1 SJ Web Edition ;
; Revision Name      ; state_generator                                                   ;
; Device Family      ; Cyclone II                                                        ;
; Device Name        ; EP2C5AT144A7                                                      ;
; Timing Models      ; Final                                                             ;
; Delay Model        ; Combined                                                          ;
; Rise/Fall Delays   ; Unavailable                                                       ;
+--------------------+-------------------------------------------------------------------+


Parallel compilation was disabled, but you have multiple processors available. Enable parallel compilation to reduce compilation time.
+-------------------------------------+
; Parallel Compilation                ;
+----------------------------+--------+
; Processors                 ; Number ;
+----------------------------+--------+
; Number detected on machine ; 2      ;
; Maximum allowed            ; 1      ;
+----------------------------+--------+


+---------------------------------------------------------------------------------------------------------------------------------------------------------------------------------+
; Clocks                                                                                                                                                                          ;
+------------+------+--------+------------+-------+-------+------------+-----------+-------------+-------+--------+-----------+------------+----------+--------+--------+---------+
; Clock Name ; Type ; Period ; Frequency  ; Rise  ; Fall  ; Duty Cycle ; Divide by ; Multiply by ; Phase ; Offset ; Edge List ; Edge Shift ; Inverted ; Master ; Source ; Targets ;
+------------+------+--------+------------+-------+-------+------------+-----------+-------------+-------+--------+-----------+------------+----------+--------+--------+---------+
; clk        ; Base ; 1.000  ; 1000.0 MHz ; 0.000 ; 0.500 ;            ;           ;             ;       ;        ;           ;            ;          ;        ;        ; { clk } ;
+------------+------+--------+------------+-------+-------+------------+-----------+-------------+-------+--------+-----------+------------+----------+--------+--------+---------+


+-------------------------------------------------+
; Slow Model Fmax Summary                         ;
+-----------+-----------------+------------+------+
; Fmax      ; Restricted Fmax ; Clock Name ; Note ;
+-----------+-----------------+------------+------+
; 50.86 MHz ; 50.86 MHz       ; clk        ;      ;
+-----------+-----------------+------------+------+
This panel reports FMAX for every clock in the design, regardless of the user-specified clock periods.  FMAX is only computed for paths where the source and destination registers or ports are driven by the same clock.  Paths of different clocks, including generated clocks, are ignored.  For paths between a clock and its inversion, FMAX is computed as if the rising and falling edges are scaled along with FMAX, such that the duty cycle (in terms of a percentage) is maintained. Altera recommends that you always use clock constraints and other slack reports for sign-off analysis.


+--------------------------------+
; Slow Model Setup Summary       ;
+-------+--------+---------------+
; Clock ; Slack  ; End Point TNS ;
+-------+--------+---------------+
; clk   ; -9.330 ; -11.091       ;
+-------+--------+---------------+


+-------------------------------+
; Slow Model Hold Summary       ;
+-------+-------+---------------+
; Clock ; Slack ; End Point TNS ;
+-------+-------+---------------+
; clk   ; 0.102 ; 0.000         ;
+-------+-------+---------------+


+--------------------------------+
; Slow Model Recovery Summary    ;
+-------+--------+---------------+
; Clock ; Slack  ; End Point TNS ;
+-------+--------+---------------+
; clk   ; -1.522 ; -1.522        ;
+-------+--------+---------------+


+--------------------------------+
; Slow Model Removal Summary     ;
+-------+--------+---------------+
; Clock ; Slack  ; End Point TNS ;
+-------+--------+---------------+
; clk   ; -0.178 ; -0.178        ;
+-------+--------+---------------+


+----------------------------------------+
; Slow Model Minimum Pulse Width Summary ;
+-------+--------+-----------------------+
; Clock ; Slack  ; End Point TNS         ;
+-------+--------+-----------------------+
; clk   ; -1.469 ; -1.469                ;
+-------+--------+-----------------------+


+------------------------------------------------------------------------------------------------------------------------------------------------------------------------------+
; Slow Model Setup: 'clk'                                                                                                                                                      ;
+--------+-----------------------------------------------+-----------------------------------------------+--------------+-------------+--------------+------------+------------+
; Slack  ; From Node                                     ; To Node                                       ; Launch Clock ; Latch Clock ; Relationship ; Clock Skew ; Data Delay ;
+--------+-----------------------------------------------+-----------------------------------------------+--------------+-------------+--------------+------------+------------+
; -9.330 ; clk                                           ; ms_jk_ff:ms_jk_ff_1|NAND_gate:nand_5|output~1 ; clk          ; clk         ; 0.500        ; 3.020      ; 11.653     ;
; -8.830 ; clk                                           ; ms_jk_ff:ms_jk_ff_1|NAND_gate:nand_5|output~1 ; clk          ; clk         ; 1.000        ; 3.020      ; 11.653     ;
; -1.796 ; ms_jk_ff:ms_jk_ff_0|NAND_gate:nand_5|output~1 ; ms_jk_ff:ms_jk_ff_1|NAND_gate:nand_5|output~1 ; clk          ; clk         ; 1.000        ; 0.654      ; 2.253      ;
; -1.761 ; ms_jk_ff:ms_jk_ff_0|NAND_gate:nand_1|output~1 ; ms_jk_ff:ms_jk_ff_0|NAND_gate:nand_5|output~1 ; clk          ; clk         ; 0.500        ; -0.530     ; 0.493      ;
; -1.362 ; ms_jk_ff:ms_jk_ff_1|NAND_gate:nand_5|output~1 ; ms_jk_ff:ms_jk_ff_1|NAND_gate:nand_5|output~1 ; clk          ; clk         ; 1.000        ; 0.000      ; 1.165      ;
+--------+-----------------------------------------------+-----------------------------------------------+--------------+-------------+--------------+------------+------------+


+-----------------------------------------------------------------------------------------------------------------------------------------------------------------------------+
; Slow Model Hold: 'clk'                                                                                                                                                      ;
+-------+-----------------------------------------------+-----------------------------------------------+--------------+-------------+--------------+------------+------------+
; Slack ; From Node                                     ; To Node                                       ; Launch Clock ; Latch Clock ; Relationship ; Clock Skew ; Data Delay ;
+-------+-----------------------------------------------+-----------------------------------------------+--------------+-------------+--------------+------------+------------+
; 0.102 ; clk                                           ; ms_jk_ff:ms_jk_ff_1|NAND_gate:nand_5|output~1 ; clk          ; clk         ; 0.000        ; 3.020      ; 3.122      ;
; 0.602 ; clk                                           ; ms_jk_ff:ms_jk_ff_1|NAND_gate:nand_5|output~1 ; clk          ; clk         ; -0.500       ; 3.020      ; 3.122      ;
; 1.165 ; ms_jk_ff:ms_jk_ff_1|NAND_gate:nand_5|output~1 ; ms_jk_ff:ms_jk_ff_1|NAND_gate:nand_5|output~1 ; clk          ; clk         ; 0.000        ; 0.000      ; 1.165      ;
; 1.523 ; ms_jk_ff:ms_jk_ff_0|NAND_gate:nand_1|output~1 ; ms_jk_ff:ms_jk_ff_0|NAND_gate:nand_5|output~1 ; clk          ; clk         ; -0.500       ; -0.530     ; 0.493      ;
; 1.599 ; ms_jk_ff:ms_jk_ff_0|NAND_gate:nand_5|output~1 ; ms_jk_ff:ms_jk_ff_1|NAND_gate:nand_5|output~1 ; clk          ; clk         ; 0.000        ; 0.654      ; 2.253      ;
+-------+-----------------------------------------------+-----------------------------------------------+--------------+-------------+--------------+------------+------------+


+------------------------------------------------------------------------------------------------------------------------------------------------------------------------------+
; Slow Model Recovery: 'clk'                                                                                                                                                   ;
+--------+-----------------------------------------------+-----------------------------------------------+--------------+-------------+--------------+------------+------------+
; Slack  ; From Node                                     ; To Node                                       ; Launch Clock ; Latch Clock ; Relationship ; Clock Skew ; Data Delay ;
+--------+-----------------------------------------------+-----------------------------------------------+--------------+-------------+--------------+------------+------------+
; -1.522 ; ms_jk_ff:ms_jk_ff_0|NAND_gate:nand_5|output~1 ; ms_jk_ff:ms_jk_ff_0|NAND_gate:nand_1|output~1 ; clk          ; clk         ; 0.500        ; 0.530      ; 1.143      ;
; -0.731 ; clk                                           ; ms_jk_ff:ms_jk_ff_0|NAND_gate:nand_1|output~1 ; clk          ; clk         ; 0.500        ; 2.896      ; 2.718      ;
; -0.231 ; clk                                           ; ms_jk_ff:ms_jk_ff_0|NAND_gate:nand_1|output~1 ; clk          ; clk         ; 1.000        ; 2.896      ; 2.718      ;
+--------+-----------------------------------------------+-----------------------------------------------+--------------+-------------+--------------+------------+------------+


+------------------------------------------------------------------------------------------------------------------------------------------------------------------------------+
; Slow Model Removal: 'clk'                                                                                                                                                    ;
+--------+-----------------------------------------------+-----------------------------------------------+--------------+-------------+--------------+------------+------------+
; Slack  ; From Node                                     ; To Node                                       ; Launch Clock ; Latch Clock ; Relationship ; Clock Skew ; Data Delay ;
+--------+-----------------------------------------------+-----------------------------------------------+--------------+-------------+--------------+------------+------------+
; -0.178 ; clk                                           ; ms_jk_ff:ms_jk_ff_0|NAND_gate:nand_1|output~1 ; clk          ; clk         ; 0.000        ; 2.896      ; 2.718      ;
; 0.322  ; clk                                           ; ms_jk_ff:ms_jk_ff_0|NAND_gate:nand_1|output~1 ; clk          ; clk         ; -0.500       ; 2.896      ; 2.718      ;
; 1.113  ; ms_jk_ff:ms_jk_ff_0|NAND_gate:nand_5|output~1 ; ms_jk_ff:ms_jk_ff_0|NAND_gate:nand_1|output~1 ; clk          ; clk         ; -0.500       ; 0.530      ; 1.143      ;
+--------+-----------------------------------------------+-----------------------------------------------+--------------+-------------+--------------+------------+------------+


+--------------------------------------------------------------------------------------------------------------------------------+
; Slow Model Minimum Pulse Width: 'clk'                                                                                          ;
+--------+--------------+----------------+------------------+-------+------------+-----------------------------------------------+
; Slack  ; Actual Width ; Required Width ; Type             ; Clock ; Clock Edge ; Target                                        ;
+--------+--------------+----------------+------------------+-------+------------+-----------------------------------------------+
; -1.469 ; 1.000        ; 2.469          ; Port Rate        ; clk   ; Rise       ; clk                                           ;
; 0.500  ; 0.500        ; 0.000          ; High Pulse Width ; clk   ; Rise       ; clk|combout                                   ;
; 0.500  ; 0.500        ; 0.000          ; Low Pulse Width  ; clk   ; Rise       ; clk|combout                                   ;
; 0.500  ; 0.500        ; 0.000          ; High Pulse Width ; clk   ; Fall       ; ms_jk_ff:ms_jk_ff_0|NAND_gate:nand_1|output~1 ;
; 0.500  ; 0.500        ; 0.000          ; Low Pulse Width  ; clk   ; Fall       ; ms_jk_ff:ms_jk_ff_0|NAND_gate:nand_1|output~1 ;
; 0.500  ; 0.500        ; 0.000          ; High Pulse Width ; clk   ; Rise       ; ms_jk_ff:ms_jk_ff_0|NAND_gate:nand_5|output~1 ;
; 0.500  ; 0.500        ; 0.000          ; Low Pulse Width  ; clk   ; Rise       ; ms_jk_ff:ms_jk_ff_0|NAND_gate:nand_5|output~1 ;
; 0.500  ; 0.500        ; 0.000          ; High Pulse Width ; clk   ; Rise       ; ms_jk_ff:ms_jk_ff_1|NAND_gate:nand_5|output~1 ;
; 0.500  ; 0.500        ; 0.000          ; Low Pulse Width  ; clk   ; Rise       ; ms_jk_ff:ms_jk_ff_1|NAND_gate:nand_5|output~1 ;
; 0.500  ; 0.500        ; 0.000          ; High Pulse Width ; clk   ; Rise       ; ms_jk_ff_0|nand_1|output~1|datac              ;
; 0.500  ; 0.500        ; 0.000          ; Low Pulse Width  ; clk   ; Rise       ; ms_jk_ff_0|nand_1|output~1|datac              ;
; 0.500  ; 0.500        ; 0.000          ; High Pulse Width ; clk   ; Rise       ; ms_jk_ff_0|nand_5|output~1|datac              ;
; 0.500  ; 0.500        ; 0.000          ; Low Pulse Width  ; clk   ; Rise       ; ms_jk_ff_0|nand_5|output~1|datac              ;
; 0.500  ; 0.500        ; 0.000          ; High Pulse Width ; clk   ; Rise       ; ms_jk_ff_1|nand_3_1|output~0|combout          ;
; 0.500  ; 0.500        ; 0.000          ; Low Pulse Width  ; clk   ; Rise       ; ms_jk_ff_1|nand_3_1|output~0|combout          ;
; 0.500  ; 0.500        ; 0.000          ; High Pulse Width ; clk   ; Rise       ; ms_jk_ff_1|nand_3_1|output~0|datad            ;
; 0.500  ; 0.500        ; 0.000          ; Low Pulse Width  ; clk   ; Rise       ; ms_jk_ff_1|nand_3_1|output~0|datad            ;
; 0.500  ; 0.500        ; 0.000          ; High Pulse Width ; clk   ; Rise       ; ms_jk_ff_1|nand_5|output~1|datac              ;
; 0.500  ; 0.500        ; 0.000          ; Low Pulse Width  ; clk   ; Rise       ; ms_jk_ff_1|nand_5|output~1|datac              ;
+--------+--------------+----------------+------------------+-------+------------+-----------------------------------------------+


+--------------------------------------------------------------------------+
; Setup Times                                                              ;
+------------+------------+--------+--------+------------+-----------------+
; Data Port  ; Clock Port ; Rise   ; Fall   ; Clock Edge ; Clock Reference ;
+------------+------------+--------+--------+------------+-----------------+
; clk        ; clk        ; 9.830  ; 9.830  ; Rise       ; clk             ;
; end_state  ; clk        ; 15.406 ; 15.406 ; Rise       ; clk             ;
; load[*]    ; clk        ; 15.724 ; 15.724 ; Rise       ; clk             ;
;  load[0]   ; clk        ; 15.490 ; 15.490 ; Rise       ; clk             ;
;  load[1]   ; clk        ; 15.724 ; 15.724 ; Rise       ; clk             ;
; next_state ; clk        ; 14.382 ; 14.382 ; Rise       ; clk             ;
; not_reset  ; clk        ; 13.821 ; 13.821 ; Rise       ; clk             ;
+------------+------------+--------+--------+------------+-----------------+


+--------------------------------------------------------------------------+
; Hold Times                                                               ;
+------------+------------+--------+--------+------------+-----------------+
; Data Port  ; Clock Port ; Rise   ; Fall   ; Clock Edge ; Clock Reference ;
+------------+------------+--------+--------+------------+-----------------+
; clk        ; clk        ; -0.102 ; -0.102 ; Rise       ; clk             ;
; end_state  ; clk        ; -5.413 ; -5.413 ; Rise       ; clk             ;
; load[*]    ; clk        ; -7.606 ; -7.606 ; Rise       ; clk             ;
;  load[0]   ; clk        ; -9.081 ; -9.081 ; Rise       ; clk             ;
;  load[1]   ; clk        ; -7.606 ; -7.606 ; Rise       ; clk             ;
; next_state ; clk        ; -4.662 ; -4.662 ; Rise       ; clk             ;
; not_reset  ; clk        ; -5.221 ; -5.221 ; Rise       ; clk             ;
+------------+------------+--------+--------+------------+-----------------+


+-----------------------------------------------------------------------------+
; Clock to Output Times                                                       ;
+---------------+------------+--------+--------+------------+-----------------+
; Data Port     ; Clock Port ; Rise   ; Fall   ; Clock Edge ; Clock Reference ;
+---------------+------------+--------+--------+------------+-----------------+
; HLT_indicator ; clk        ; 6.848  ; 6.848  ; Rise       ; clk             ;
; s_states[*]   ; clk        ; 16.472 ; 16.472 ; Rise       ; clk             ;
;  s_states[0]  ; clk        ; 16.139 ; 16.139 ; Rise       ; clk             ;
;  s_states[1]  ; clk        ; 16.152 ; 16.152 ; Rise       ; clk             ;
;  s_states[2]  ; clk        ; 16.182 ; 16.182 ; Rise       ; clk             ;
;  s_states[3]  ; clk        ; 16.472 ; 16.472 ; Rise       ; clk             ;
;  s_states[4]  ; clk        ; 16.406 ; 16.406 ; Rise       ; clk             ;
;  s_states[5]  ; clk        ; 15.845 ; 15.845 ; Rise       ; clk             ;
;  s_states[6]  ; clk        ; 16.165 ; 16.165 ; Rise       ; clk             ;
;  s_states[7]  ; clk        ; 15.796 ; 15.796 ; Rise       ; clk             ;
; s_states[*]   ; clk        ; 16.472 ; 16.472 ; Fall       ; clk             ;
;  s_states[0]  ; clk        ; 16.139 ; 16.139 ; Fall       ; clk             ;
;  s_states[1]  ; clk        ; 16.152 ; 16.152 ; Fall       ; clk             ;
;  s_states[2]  ; clk        ; 16.182 ; 16.182 ; Fall       ; clk             ;
;  s_states[3]  ; clk        ; 16.472 ; 16.472 ; Fall       ; clk             ;
;  s_states[4]  ; clk        ; 16.406 ; 16.406 ; Fall       ; clk             ;
;  s_states[5]  ; clk        ; 15.845 ; 15.845 ; Fall       ; clk             ;
;  s_states[6]  ; clk        ; 16.165 ; 16.165 ; Fall       ; clk             ;
;  s_states[7]  ; clk        ; 15.796 ; 15.796 ; Fall       ; clk             ;
+---------------+------------+--------+--------+------------+-----------------+


+---------------------------------------------------------------------------+
; Minimum Clock to Output Times                                             ;
+---------------+------------+-------+-------+------------+-----------------+
; Data Port     ; Clock Port ; Rise  ; Fall  ; Clock Edge ; Clock Reference ;
+---------------+------------+-------+-------+------------+-----------------+
; HLT_indicator ; clk        ; 6.848 ; 6.848 ; Rise       ; clk             ;
; s_states[*]   ; clk        ; 7.536 ; 7.536 ; Rise       ; clk             ;
;  s_states[0]  ; clk        ; 7.833 ; 7.833 ; Rise       ; clk             ;
;  s_states[1]  ; clk        ; 7.848 ; 7.848 ; Rise       ; clk             ;
;  s_states[2]  ; clk        ; 7.877 ; 7.877 ; Rise       ; clk             ;
;  s_states[3]  ; clk        ; 8.166 ; 8.166 ; Rise       ; clk             ;
;  s_states[4]  ; clk        ; 8.099 ; 8.099 ; Rise       ; clk             ;
;  s_states[5]  ; clk        ; 7.542 ; 7.542 ; Rise       ; clk             ;
;  s_states[6]  ; clk        ; 7.861 ; 7.861 ; Rise       ; clk             ;
;  s_states[7]  ; clk        ; 7.536 ; 7.536 ; Rise       ; clk             ;
; s_states[*]   ; clk        ; 7.536 ; 7.536 ; Fall       ; clk             ;
;  s_states[0]  ; clk        ; 7.833 ; 7.833 ; Fall       ; clk             ;
;  s_states[1]  ; clk        ; 7.848 ; 7.848 ; Fall       ; clk             ;
;  s_states[2]  ; clk        ; 7.877 ; 7.877 ; Fall       ; clk             ;
;  s_states[3]  ; clk        ; 8.166 ; 8.166 ; Fall       ; clk             ;
;  s_states[4]  ; clk        ; 8.099 ; 8.099 ; Fall       ; clk             ;
;  s_states[5]  ; clk        ; 7.542 ; 7.542 ; Fall       ; clk             ;
;  s_states[6]  ; clk        ; 7.861 ; 7.861 ; Fall       ; clk             ;
;  s_states[7]  ; clk        ; 7.536 ; 7.536 ; Fall       ; clk             ;
+---------------+------------+-------+-------+------------+-----------------+


+--------------------------------------------------------------+
; Propagation Delay                                            ;
+------------+-------------+--------+--------+--------+--------+
; Input Port ; Output Port ; RR     ; RF     ; FR     ; FF     ;
+------------+-------------+--------+--------+--------+--------+
; end_state  ; s_states[0] ; 21.715 ; 21.715 ; 21.715 ; 21.715 ;
; end_state  ; s_states[1] ; 21.728 ; 21.728 ; 21.728 ; 21.728 ;
; end_state  ; s_states[2] ; 21.758 ; 21.758 ; 21.758 ; 21.758 ;
; end_state  ; s_states[3] ; 22.048 ; 22.048 ; 22.048 ; 22.048 ;
; end_state  ; s_states[4] ; 21.982 ; 21.982 ; 21.982 ; 21.982 ;
; end_state  ; s_states[5] ; 21.421 ; 21.421 ; 21.421 ; 21.421 ;
; end_state  ; s_states[6] ; 21.741 ; 21.741 ; 21.741 ; 21.741 ;
; end_state  ; s_states[7] ; 21.372 ; 21.372 ; 21.372 ; 21.372 ;
; load[0]    ; s_states[0] ; 21.799 ; 21.799 ; 21.799 ; 21.799 ;
; load[0]    ; s_states[1] ; 21.812 ; 21.812 ; 21.812 ; 21.812 ;
; load[0]    ; s_states[2] ; 21.842 ; 21.842 ; 21.842 ; 21.842 ;
; load[0]    ; s_states[3] ; 22.132 ; 22.132 ; 22.132 ; 22.132 ;
; load[0]    ; s_states[4] ; 22.066 ; 22.066 ; 22.066 ; 22.066 ;
; load[0]    ; s_states[5] ; 21.505 ; 21.505 ; 21.505 ; 21.505 ;
; load[0]    ; s_states[6] ; 21.825 ; 21.825 ; 21.825 ; 21.825 ;
; load[0]    ; s_states[7] ; 21.456 ; 21.456 ; 21.456 ; 21.456 ;
; load[1]    ; s_states[0] ; 22.033 ; 22.033 ; 22.033 ; 22.033 ;
; load[1]    ; s_states[1] ; 22.046 ; 22.046 ; 22.046 ; 22.046 ;
; load[1]    ; s_states[2] ; 22.076 ; 22.076 ; 22.076 ; 22.076 ;
; load[1]    ; s_states[3] ; 22.366 ; 22.366 ; 22.366 ; 22.366 ;
; load[1]    ; s_states[4] ; 22.300 ; 22.300 ; 22.300 ; 22.300 ;
; load[1]    ; s_states[5] ; 21.739 ; 21.739 ; 21.739 ; 21.739 ;
; load[1]    ; s_states[6] ; 22.059 ; 22.059 ; 22.059 ; 22.059 ;
; load[1]    ; s_states[7] ; 21.690 ; 21.690 ; 21.690 ; 21.690 ;
; next_state ; s_states[0] ; 20.691 ; 20.691 ; 20.691 ; 20.691 ;
; next_state ; s_states[1] ; 20.704 ; 20.704 ; 20.704 ; 20.704 ;
; next_state ; s_states[2] ; 20.734 ; 20.734 ; 20.734 ; 20.734 ;
; next_state ; s_states[3] ; 21.024 ; 21.024 ; 21.024 ; 21.024 ;
; next_state ; s_states[4] ; 20.958 ; 20.958 ; 20.958 ; 20.958 ;
; next_state ; s_states[5] ; 20.397 ; 20.397 ; 20.397 ; 20.397 ;
; next_state ; s_states[6] ; 20.717 ; 20.717 ; 20.717 ; 20.717 ;
; next_state ; s_states[7] ; 20.348 ; 20.348 ; 20.348 ; 20.348 ;
; not_reset  ; s_states[0] ; 20.130 ; 20.130 ; 20.130 ; 20.130 ;
; not_reset  ; s_states[1] ; 20.143 ; 20.143 ; 20.143 ; 20.143 ;
; not_reset  ; s_states[2] ; 20.173 ; 20.173 ; 20.173 ; 20.173 ;
; not_reset  ; s_states[3] ; 20.463 ; 20.463 ; 20.463 ; 20.463 ;
; not_reset  ; s_states[4] ; 20.397 ; 20.397 ; 20.397 ; 20.397 ;
; not_reset  ; s_states[5] ; 19.836 ; 19.836 ; 19.836 ; 19.836 ;
; not_reset  ; s_states[6] ; 20.156 ; 20.156 ; 20.156 ; 20.156 ;
; not_reset  ; s_states[7] ; 19.787 ; 19.787 ; 19.787 ; 19.787 ;
+------------+-------------+--------+--------+--------+--------+


+--------------------------------------------------------------+
; Minimum Propagation Delay                                    ;
+------------+-------------+--------+--------+--------+--------+
; Input Port ; Output Port ; RR     ; RF     ; FR     ; FF     ;
+------------+-------------+--------+--------+--------+--------+
; end_state  ; s_states[0] ; 14.909 ; 14.909 ; 14.909 ; 14.909 ;
; end_state  ; s_states[1] ; 14.924 ; 14.924 ; 14.924 ; 14.924 ;
; end_state  ; s_states[2] ; 14.953 ; 14.953 ; 14.953 ; 14.953 ;
; end_state  ; s_states[3] ; 15.242 ; 15.242 ; 15.242 ; 15.242 ;
; end_state  ; s_states[4] ; 15.175 ; 15.175 ; 15.175 ; 15.175 ;
; end_state  ; s_states[5] ; 14.618 ; 14.618 ; 14.618 ; 14.618 ;
; end_state  ; s_states[6] ; 14.937 ; 14.937 ; 14.937 ; 14.937 ;
; end_state  ; s_states[7] ; 14.612 ; 14.612 ; 14.612 ; 14.612 ;
; load[0]    ; s_states[0] ; 16.048 ; 16.048 ; 16.048 ; 16.048 ;
; load[0]    ; s_states[1] ; 15.987 ; 15.987 ; 15.987 ; 15.987 ;
; load[0]    ; s_states[2] ; 16.120 ; 16.120 ; 16.120 ; 16.120 ;
; load[0]    ; s_states[3] ; 16.351 ; 16.351 ; 16.351 ; 16.351 ;
; load[0]    ; s_states[4] ; 16.306 ; 16.306 ; 16.306 ; 16.306 ;
; load[0]    ; s_states[5] ; 15.672 ; 15.672 ; 15.672 ; 15.672 ;
; load[0]    ; s_states[6] ; 16.097 ; 16.097 ; 16.097 ; 16.097 ;
; load[0]    ; s_states[7] ; 15.783 ; 15.783 ; 15.783 ; 15.783 ;
; load[1]    ; s_states[0] ; 14.704 ; 14.704 ; 14.704 ; 14.704 ;
; load[1]    ; s_states[1] ; 14.719 ; 14.719 ; 14.719 ; 14.719 ;
; load[1]    ; s_states[2] ; 14.748 ; 14.748 ; 14.748 ; 14.748 ;
; load[1]    ; s_states[3] ; 15.037 ; 15.037 ; 15.037 ; 15.037 ;
; load[1]    ; s_states[4] ; 14.970 ; 14.970 ; 14.970 ; 14.970 ;
; load[1]    ; s_states[5] ; 14.413 ; 14.413 ; 14.413 ; 14.413 ;
; load[1]    ; s_states[6] ; 14.732 ; 14.732 ; 14.732 ; 14.732 ;
; load[1]    ; s_states[7] ; 14.407 ; 14.407 ; 14.407 ; 14.407 ;
; next_state ; s_states[0] ; 12.168 ; 12.168 ; 12.168 ; 12.168 ;
; next_state ; s_states[1] ; 12.181 ; 12.181 ; 12.181 ; 12.181 ;
; next_state ; s_states[2] ; 12.211 ; 12.211 ; 12.211 ; 12.211 ;
; next_state ; s_states[3] ; 12.501 ; 12.501 ; 12.501 ; 12.501 ;
; next_state ; s_states[4] ; 12.435 ; 12.435 ; 12.435 ; 12.435 ;
; next_state ; s_states[5] ; 11.874 ; 11.874 ; 11.874 ; 11.874 ;
; next_state ; s_states[6] ; 12.194 ; 12.194 ; 12.194 ; 12.194 ;
; next_state ; s_states[7] ; 11.825 ; 11.825 ; 11.825 ; 11.825 ;
; not_reset  ; s_states[0] ; 16.777 ; 13.383 ; 13.383 ; 16.777 ;
; not_reset  ; s_states[1] ; 14.318 ; 13.396 ; 13.396 ; 14.318 ;
; not_reset  ; s_states[2] ; 13.669 ; 13.426 ; 13.426 ; 13.669 ;
; not_reset  ; s_states[3] ; 13.958 ; 13.716 ; 13.716 ; 13.958 ;
; not_reset  ; s_states[4] ; 13.650 ; 13.891 ; 13.891 ; 13.650 ;
; not_reset  ; s_states[5] ; 13.089 ; 13.334 ; 13.334 ; 13.089 ;
; not_reset  ; s_states[6] ; 13.409 ; 14.428 ; 14.428 ; 13.409 ;
; not_reset  ; s_states[7] ; 13.040 ; 16.480 ; 16.480 ; 13.040 ;
+------------+-------------+--------+--------+--------+--------+


+--------------------------------+
; Fast Model Setup Summary       ;
+-------+--------+---------------+
; Clock ; Slack  ; End Point TNS ;
+-------+--------+---------------+
; clk   ; -2.660 ; -2.885        ;
+-------+--------+---------------+


+-------------------------------+
; Fast Model Hold Summary       ;
+-------+-------+---------------+
; Clock ; Slack ; End Point TNS ;
+-------+-------+---------------+
; clk   ; 0.000 ; 0.000         ;
+-------+-------+---------------+


+--------------------------------+
; Fast Model Recovery Summary    ;
+-------+--------+---------------+
; Clock ; Slack  ; End Point TNS ;
+-------+--------+---------------+
; clk   ; -0.174 ; -0.174        ;
+-------+--------+---------------+


+--------------------------------+
; Fast Model Removal Summary     ;
+-------+--------+---------------+
; Clock ; Slack  ; End Point TNS ;
+-------+--------+---------------+
; clk   ; -0.059 ; -0.059        ;
+-------+--------+---------------+


+----------------------------------------+
; Fast Model Minimum Pulse Width Summary ;
+-------+--------+-----------------------+
; Clock ; Slack  ; End Point TNS         ;
+-------+--------+-----------------------+
; clk   ; -1.222 ; -1.222                ;
+-------+--------+-----------------------+


+------------------------------------------------------------------------------------------------------------------------------------------------------------------------------+
; Fast Model Setup: 'clk'                                                                                                                                                      ;
+--------+-----------------------------------------------+-----------------------------------------------+--------------+-------------+--------------+------------+------------+
; Slack  ; From Node                                     ; To Node                                       ; Launch Clock ; Latch Clock ; Relationship ; Clock Skew ; Data Delay ;
+--------+-----------------------------------------------+-----------------------------------------------+--------------+-------------+--------------+------------+------------+
; -2.660 ; clk                                           ; ms_jk_ff:ms_jk_ff_1|NAND_gate:nand_5|output~1 ; clk          ; clk         ; 0.500        ; 1.260      ; 4.043      ;
; -2.160 ; clk                                           ; ms_jk_ff:ms_jk_ff_1|NAND_gate:nand_5|output~1 ; clk          ; clk         ; 1.000        ; 1.260      ; 4.043      ;
; -0.225 ; ms_jk_ff:ms_jk_ff_0|NAND_gate:nand_1|output~1 ; ms_jk_ff:ms_jk_ff_0|NAND_gate:nand_5|output~1 ; clk          ; clk         ; 0.500        ; -0.178     ; 0.158      ;
; 0.154  ; ms_jk_ff:ms_jk_ff_0|NAND_gate:nand_5|output~1 ; ms_jk_ff:ms_jk_ff_1|NAND_gate:nand_5|output~1 ; clk          ; clk         ; 1.000        ; 0.253      ; 0.722      ;
; 0.247  ; ms_jk_ff:ms_jk_ff_1|NAND_gate:nand_5|output~1 ; ms_jk_ff:ms_jk_ff_1|NAND_gate:nand_5|output~1 ; clk          ; clk         ; 1.000        ; 0.000      ; 0.376      ;
+--------+-----------------------------------------------+-----------------------------------------------+--------------+-------------+--------------+------------+------------+


+-----------------------------------------------------------------------------------------------------------------------------------------------------------------------------+
; Fast Model Hold: 'clk'                                                                                                                                                      ;
+-------+-----------------------------------------------+-----------------------------------------------+--------------+-------------+--------------+------------+------------+
; Slack ; From Node                                     ; To Node                                       ; Launch Clock ; Latch Clock ; Relationship ; Clock Skew ; Data Delay ;
+-------+-----------------------------------------------+-----------------------------------------------+--------------+-------------+--------------+------------+------------+
; 0.000 ; clk                                           ; ms_jk_ff:ms_jk_ff_1|NAND_gate:nand_5|output~1 ; clk          ; clk         ; 0.000        ; 1.260      ; 1.260      ;
; 0.376 ; ms_jk_ff:ms_jk_ff_1|NAND_gate:nand_5|output~1 ; ms_jk_ff:ms_jk_ff_1|NAND_gate:nand_5|output~1 ; clk          ; clk         ; 0.000        ; 0.000      ; 0.376      ;
; 0.469 ; ms_jk_ff:ms_jk_ff_0|NAND_gate:nand_5|output~1 ; ms_jk_ff:ms_jk_ff_1|NAND_gate:nand_5|output~1 ; clk          ; clk         ; 0.000        ; 0.253      ; 0.722      ;
; 0.500 ; clk                                           ; ms_jk_ff:ms_jk_ff_1|NAND_gate:nand_5|output~1 ; clk          ; clk         ; -0.500       ; 1.260      ; 1.260      ;
; 0.836 ; ms_jk_ff:ms_jk_ff_0|NAND_gate:nand_1|output~1 ; ms_jk_ff:ms_jk_ff_0|NAND_gate:nand_5|output~1 ; clk          ; clk         ; -0.500       ; -0.178     ; 0.158      ;
+-------+-----------------------------------------------+-----------------------------------------------+--------------+-------------+--------------+------------+------------+


+------------------------------------------------------------------------------------------------------------------------------------------------------------------------------+
; Fast Model Recovery: 'clk'                                                                                                                                                   ;
+--------+-----------------------------------------------+-----------------------------------------------+--------------+-------------+--------------+------------+------------+
; Slack  ; From Node                                     ; To Node                                       ; Launch Clock ; Latch Clock ; Relationship ; Clock Skew ; Data Delay ;
+--------+-----------------------------------------------+-----------------------------------------------+--------------+-------------+--------------+------------+------------+
; -0.174 ; ms_jk_ff:ms_jk_ff_0|NAND_gate:nand_5|output~1 ; ms_jk_ff:ms_jk_ff_0|NAND_gate:nand_1|output~1 ; clk          ; clk         ; 0.500        ; 0.178      ; 0.393      ;
; 0.100  ; clk                                           ; ms_jk_ff:ms_jk_ff_0|NAND_gate:nand_1|output~1 ; clk          ; clk         ; 0.500        ; 1.185      ; 1.126      ;
; 0.600  ; clk                                           ; ms_jk_ff:ms_jk_ff_0|NAND_gate:nand_1|output~1 ; clk          ; clk         ; 1.000        ; 1.185      ; 1.126      ;
+--------+-----------------------------------------------+-----------------------------------------------+--------------+-------------+--------------+------------+------------+


+------------------------------------------------------------------------------------------------------------------------------------------------------------------------------+
; Fast Model Removal: 'clk'                                                                                                                                                    ;
+--------+-----------------------------------------------+-----------------------------------------------+--------------+-------------+--------------+------------+------------+
; Slack  ; From Node                                     ; To Node                                       ; Launch Clock ; Latch Clock ; Relationship ; Clock Skew ; Data Delay ;
+--------+-----------------------------------------------+-----------------------------------------------+--------------+-------------+--------------+------------+------------+
; -0.059 ; clk                                           ; ms_jk_ff:ms_jk_ff_0|NAND_gate:nand_1|output~1 ; clk          ; clk         ; 0.000        ; 1.185      ; 1.126      ;
; 0.441  ; clk                                           ; ms_jk_ff:ms_jk_ff_0|NAND_gate:nand_1|output~1 ; clk          ; clk         ; -0.500       ; 1.185      ; 1.126      ;
; 0.715  ; ms_jk_ff:ms_jk_ff_0|NAND_gate:nand_5|output~1 ; ms_jk_ff:ms_jk_ff_0|NAND_gate:nand_1|output~1 ; clk          ; clk         ; -0.500       ; 0.178      ; 0.393      ;
+--------+-----------------------------------------------+-----------------------------------------------+--------------+-------------+--------------+------------+------------+


+--------------------------------------------------------------------------------------------------------------------------------+
; Fast Model Minimum Pulse Width: 'clk'                                                                                          ;
+--------+--------------+----------------+------------------+-------+------------+-----------------------------------------------+
; Slack  ; Actual Width ; Required Width ; Type             ; Clock ; Clock Edge ; Target                                        ;
+--------+--------------+----------------+------------------+-------+------------+-----------------------------------------------+
; -1.222 ; 1.000        ; 2.222          ; Port Rate        ; clk   ; Rise       ; clk                                           ;
; 0.500  ; 0.500        ; 0.000          ; High Pulse Width ; clk   ; Rise       ; clk|combout                                   ;
; 0.500  ; 0.500        ; 0.000          ; Low Pulse Width  ; clk   ; Rise       ; clk|combout                                   ;
; 0.500  ; 0.500        ; 0.000          ; High Pulse Width ; clk   ; Fall       ; ms_jk_ff:ms_jk_ff_0|NAND_gate:nand_1|output~1 ;
; 0.500  ; 0.500        ; 0.000          ; Low Pulse Width  ; clk   ; Fall       ; ms_jk_ff:ms_jk_ff_0|NAND_gate:nand_1|output~1 ;
; 0.500  ; 0.500        ; 0.000          ; High Pulse Width ; clk   ; Rise       ; ms_jk_ff:ms_jk_ff_0|NAND_gate:nand_5|output~1 ;
; 0.500  ; 0.500        ; 0.000          ; Low Pulse Width  ; clk   ; Rise       ; ms_jk_ff:ms_jk_ff_0|NAND_gate:nand_5|output~1 ;
; 0.500  ; 0.500        ; 0.000          ; High Pulse Width ; clk   ; Rise       ; ms_jk_ff:ms_jk_ff_1|NAND_gate:nand_5|output~1 ;
; 0.500  ; 0.500        ; 0.000          ; Low Pulse Width  ; clk   ; Rise       ; ms_jk_ff:ms_jk_ff_1|NAND_gate:nand_5|output~1 ;
; 0.500  ; 0.500        ; 0.000          ; High Pulse Width ; clk   ; Rise       ; ms_jk_ff_0|nand_1|output~1|datac              ;
; 0.500  ; 0.500        ; 0.000          ; Low Pulse Width  ; clk   ; Rise       ; ms_jk_ff_0|nand_1|output~1|datac              ;
; 0.500  ; 0.500        ; 0.000          ; High Pulse Width ; clk   ; Rise       ; ms_jk_ff_0|nand_5|output~1|datac              ;
; 0.500  ; 0.500        ; 0.000          ; Low Pulse Width  ; clk   ; Rise       ; ms_jk_ff_0|nand_5|output~1|datac              ;
; 0.500  ; 0.500        ; 0.000          ; High Pulse Width ; clk   ; Rise       ; ms_jk_ff_1|nand_3_1|output~0|combout          ;
; 0.500  ; 0.500        ; 0.000          ; Low Pulse Width  ; clk   ; Rise       ; ms_jk_ff_1|nand_3_1|output~0|combout          ;
; 0.500  ; 0.500        ; 0.000          ; High Pulse Width ; clk   ; Rise       ; ms_jk_ff_1|nand_3_1|output~0|datad            ;
; 0.500  ; 0.500        ; 0.000          ; Low Pulse Width  ; clk   ; Rise       ; ms_jk_ff_1|nand_3_1|output~0|datad            ;
; 0.500  ; 0.500        ; 0.000          ; High Pulse Width ; clk   ; Rise       ; ms_jk_ff_1|nand_5|output~1|datac              ;
; 0.500  ; 0.500        ; 0.000          ; Low Pulse Width  ; clk   ; Rise       ; ms_jk_ff_1|nand_5|output~1|datac              ;
+--------+--------------+----------------+------------------+-------+------------+-----------------------------------------------+


+------------------------------------------------------------------------+
; Setup Times                                                            ;
+------------+------------+-------+-------+------------+-----------------+
; Data Port  ; Clock Port ; Rise  ; Fall  ; Clock Edge ; Clock Reference ;
+------------+------------+-------+-------+------------+-----------------+
; clk        ; clk        ; 3.160 ; 3.160 ; Rise       ; clk             ;
; end_state  ; clk        ; 5.841 ; 5.841 ; Rise       ; clk             ;
; load[*]    ; clk        ; 5.958 ; 5.958 ; Rise       ; clk             ;
;  load[0]   ; clk        ; 5.889 ; 5.889 ; Rise       ; clk             ;
;  load[1]   ; clk        ; 5.958 ; 5.958 ; Rise       ; clk             ;
; next_state ; clk        ; 5.529 ; 5.529 ; Rise       ; clk             ;
; not_reset  ; clk        ; 5.316 ; 5.316 ; Rise       ; clk             ;
+------------+------------+-------+-------+------------+-----------------+


+--------------------------------------------------------------------------+
; Hold Times                                                               ;
+------------+------------+--------+--------+------------+-----------------+
; Data Port  ; Clock Port ; Rise   ; Fall   ; Clock Edge ; Clock Reference ;
+------------+------------+--------+--------+------------+-----------------+
; clk        ; clk        ; 0.000  ; 0.000  ; Rise       ; clk             ;
; end_state  ; clk        ; -2.594 ; -2.594 ; Rise       ; clk             ;
; load[*]    ; clk        ; -3.300 ; -3.300 ; Rise       ; clk             ;
;  load[0]   ; clk        ; -3.807 ; -3.807 ; Rise       ; clk             ;
;  load[1]   ; clk        ; -3.300 ; -3.300 ; Rise       ; clk             ;
; next_state ; clk        ; -2.388 ; -2.388 ; Rise       ; clk             ;
; not_reset  ; clk        ; -2.548 ; -2.548 ; Rise       ; clk             ;
+------------+------------+--------+--------+------------+-----------------+


+---------------------------------------------------------------------------+
; Clock to Output Times                                                     ;
+---------------+------------+-------+-------+------------+-----------------+
; Data Port     ; Clock Port ; Rise  ; Fall  ; Clock Edge ; Clock Reference ;
+---------------+------------+-------+-------+------------+-----------------+
; HLT_indicator ; clk        ; 2.940 ; 2.940 ; Rise       ; clk             ;
; s_states[*]   ; clk        ; 6.155 ; 6.155 ; Rise       ; clk             ;
;  s_states[0]  ; clk        ; 6.023 ; 6.023 ; Rise       ; clk             ;
;  s_states[1]  ; clk        ; 6.031 ; 6.031 ; Rise       ; clk             ;
;  s_states[2]  ; clk        ; 6.057 ; 6.057 ; Rise       ; clk             ;
;  s_states[3]  ; clk        ; 6.155 ; 6.155 ; Rise       ; clk             ;
;  s_states[4]  ; clk        ; 6.091 ; 6.091 ; Rise       ; clk             ;
;  s_states[5]  ; clk        ; 5.903 ; 5.903 ; Rise       ; clk             ;
;  s_states[6]  ; clk        ; 6.017 ; 6.017 ; Rise       ; clk             ;
;  s_states[7]  ; clk        ; 5.901 ; 5.901 ; Rise       ; clk             ;
; s_states[*]   ; clk        ; 6.155 ; 6.155 ; Fall       ; clk             ;
;  s_states[0]  ; clk        ; 6.023 ; 6.023 ; Fall       ; clk             ;
;  s_states[1]  ; clk        ; 6.031 ; 6.031 ; Fall       ; clk             ;
;  s_states[2]  ; clk        ; 6.057 ; 6.057 ; Fall       ; clk             ;
;  s_states[3]  ; clk        ; 6.155 ; 6.155 ; Fall       ; clk             ;
;  s_states[4]  ; clk        ; 6.091 ; 6.091 ; Fall       ; clk             ;
;  s_states[5]  ; clk        ; 5.903 ; 5.903 ; Fall       ; clk             ;
;  s_states[6]  ; clk        ; 6.017 ; 6.017 ; Fall       ; clk             ;
;  s_states[7]  ; clk        ; 5.901 ; 5.901 ; Fall       ; clk             ;
+---------------+------------+-------+-------+------------+-----------------+


+---------------------------------------------------------------------------+
; Minimum Clock to Output Times                                             ;
+---------------+------------+-------+-------+------------+-----------------+
; Data Port     ; Clock Port ; Rise  ; Fall  ; Clock Edge ; Clock Reference ;
+---------------+------------+-------+-------+------------+-----------------+
; HLT_indicator ; clk        ; 2.940 ; 2.940 ; Rise       ; clk             ;
; s_states[*]   ; clk        ; 3.211 ; 3.211 ; Rise       ; clk             ;
;  s_states[0]  ; clk        ; 3.309 ; 3.309 ; Rise       ; clk             ;
;  s_states[1]  ; clk        ; 3.323 ; 3.323 ; Rise       ; clk             ;
;  s_states[2]  ; clk        ; 3.347 ; 3.347 ; Rise       ; clk             ;
;  s_states[3]  ; clk        ; 3.441 ; 3.441 ; Rise       ; clk             ;
;  s_states[4]  ; clk        ; 3.401 ; 3.401 ; Rise       ; clk             ;
;  s_states[5]  ; clk        ; 3.219 ; 3.219 ; Rise       ; clk             ;
;  s_states[6]  ; clk        ; 3.330 ; 3.330 ; Rise       ; clk             ;
;  s_states[7]  ; clk        ; 3.211 ; 3.211 ; Rise       ; clk             ;
; s_states[*]   ; clk        ; 3.211 ; 3.211 ; Fall       ; clk             ;
;  s_states[0]  ; clk        ; 3.309 ; 3.309 ; Fall       ; clk             ;
;  s_states[1]  ; clk        ; 3.323 ; 3.323 ; Fall       ; clk             ;
;  s_states[2]  ; clk        ; 3.347 ; 3.347 ; Fall       ; clk             ;
;  s_states[3]  ; clk        ; 3.441 ; 3.441 ; Fall       ; clk             ;
;  s_states[4]  ; clk        ; 3.401 ; 3.401 ; Fall       ; clk             ;
;  s_states[5]  ; clk        ; 3.219 ; 3.219 ; Fall       ; clk             ;
;  s_states[6]  ; clk        ; 3.330 ; 3.330 ; Fall       ; clk             ;
;  s_states[7]  ; clk        ; 3.211 ; 3.211 ; Fall       ; clk             ;
+---------------+------------+-------+-------+------------+-----------------+


+----------------------------------------------------------+
; Propagation Delay                                        ;
+------------+-------------+-------+-------+-------+-------+
; Input Port ; Output Port ; RR    ; RF    ; FR    ; FF    ;
+------------+-------------+-------+-------+-------+-------+
; end_state  ; s_states[0] ; 8.704 ; 8.704 ; 8.704 ; 8.704 ;
; end_state  ; s_states[1] ; 8.712 ; 8.712 ; 8.712 ; 8.712 ;
; end_state  ; s_states[2] ; 8.738 ; 8.738 ; 8.738 ; 8.738 ;
; end_state  ; s_states[3] ; 8.836 ; 8.836 ; 8.836 ; 8.836 ;
; end_state  ; s_states[4] ; 8.772 ; 8.772 ; 8.772 ; 8.772 ;
; end_state  ; s_states[5] ; 8.584 ; 8.584 ; 8.584 ; 8.584 ;
; end_state  ; s_states[6] ; 8.698 ; 8.698 ; 8.698 ; 8.698 ;
; end_state  ; s_states[7] ; 8.582 ; 8.582 ; 8.582 ; 8.582 ;
; load[0]    ; s_states[0] ; 8.752 ; 8.752 ; 8.752 ; 8.752 ;
; load[0]    ; s_states[1] ; 8.760 ; 8.760 ; 8.760 ; 8.760 ;
; load[0]    ; s_states[2] ; 8.786 ; 8.786 ; 8.786 ; 8.786 ;
; load[0]    ; s_states[3] ; 8.884 ; 8.884 ; 8.884 ; 8.884 ;
; load[0]    ; s_states[4] ; 8.820 ; 8.820 ; 8.820 ; 8.820 ;
; load[0]    ; s_states[5] ; 8.632 ; 8.632 ; 8.632 ; 8.632 ;
; load[0]    ; s_states[6] ; 8.746 ; 8.746 ; 8.746 ; 8.746 ;
; load[0]    ; s_states[7] ; 8.630 ; 8.630 ; 8.630 ; 8.630 ;
; load[1]    ; s_states[0] ; 8.821 ; 8.821 ; 8.821 ; 8.821 ;
; load[1]    ; s_states[1] ; 8.829 ; 8.829 ; 8.829 ; 8.829 ;
; load[1]    ; s_states[2] ; 8.855 ; 8.855 ; 8.855 ; 8.855 ;
; load[1]    ; s_states[3] ; 8.953 ; 8.953 ; 8.953 ; 8.953 ;
; load[1]    ; s_states[4] ; 8.889 ; 8.889 ; 8.889 ; 8.889 ;
; load[1]    ; s_states[5] ; 8.701 ; 8.701 ; 8.701 ; 8.701 ;
; load[1]    ; s_states[6] ; 8.815 ; 8.815 ; 8.815 ; 8.815 ;
; load[1]    ; s_states[7] ; 8.699 ; 8.699 ; 8.699 ; 8.699 ;
; next_state ; s_states[0] ; 8.392 ; 8.392 ; 8.392 ; 8.392 ;
; next_state ; s_states[1] ; 8.400 ; 8.400 ; 8.400 ; 8.400 ;
; next_state ; s_states[2] ; 8.426 ; 8.426 ; 8.426 ; 8.426 ;
; next_state ; s_states[3] ; 8.524 ; 8.524 ; 8.524 ; 8.524 ;
; next_state ; s_states[4] ; 8.460 ; 8.460 ; 8.460 ; 8.460 ;
; next_state ; s_states[5] ; 8.272 ; 8.272 ; 8.272 ; 8.272 ;
; next_state ; s_states[6] ; 8.386 ; 8.386 ; 8.386 ; 8.386 ;
; next_state ; s_states[7] ; 8.270 ; 8.270 ; 8.270 ; 8.270 ;
; not_reset  ; s_states[0] ; 8.179 ; 8.179 ; 8.179 ; 8.179 ;
; not_reset  ; s_states[1] ; 8.187 ; 8.187 ; 8.187 ; 8.187 ;
; not_reset  ; s_states[2] ; 8.213 ; 8.213 ; 8.213 ; 8.213 ;
; not_reset  ; s_states[3] ; 8.311 ; 8.311 ; 8.311 ; 8.311 ;
; not_reset  ; s_states[4] ; 8.247 ; 8.247 ; 8.247 ; 8.247 ;
; not_reset  ; s_states[5] ; 8.059 ; 8.059 ; 8.059 ; 8.059 ;
; not_reset  ; s_states[6] ; 8.173 ; 8.173 ; 8.173 ; 8.173 ;
; not_reset  ; s_states[7] ; 8.057 ; 8.057 ; 8.057 ; 8.057 ;
+------------+-------------+-------+-------+-------+-------+


+----------------------------------------------------------+
; Minimum Propagation Delay                                ;
+------------+-------------+-------+-------+-------+-------+
; Input Port ; Output Port ; RR    ; RF    ; FR    ; FF    ;
+------------+-------------+-------+-------+-------+-------+
; end_state  ; s_states[0] ; 6.471 ; 6.471 ; 6.471 ; 6.471 ;
; end_state  ; s_states[1] ; 6.485 ; 6.485 ; 6.485 ; 6.485 ;
; end_state  ; s_states[2] ; 6.509 ; 6.509 ; 6.509 ; 6.509 ;
; end_state  ; s_states[3] ; 6.603 ; 6.603 ; 6.603 ; 6.603 ;
; end_state  ; s_states[4] ; 6.563 ; 6.563 ; 6.563 ; 6.563 ;
; end_state  ; s_states[5] ; 6.381 ; 6.381 ; 6.381 ; 6.381 ;
; end_state  ; s_states[6] ; 6.492 ; 6.492 ; 6.492 ; 6.492 ;
; end_state  ; s_states[7] ; 6.373 ; 6.373 ; 6.373 ; 6.373 ;
; load[0]    ; s_states[0] ; 6.870 ; 6.870 ; 6.870 ; 6.870 ;
; load[0]    ; s_states[1] ; 6.867 ; 6.867 ; 6.867 ; 6.867 ;
; load[0]    ; s_states[2] ; 6.903 ; 6.903 ; 6.903 ; 6.903 ;
; load[0]    ; s_states[3] ; 7.001 ; 7.001 ; 7.001 ; 7.001 ;
; load[0]    ; s_states[4] ; 6.964 ; 6.964 ; 6.964 ; 6.964 ;
; load[0]    ; s_states[5] ; 6.760 ; 6.760 ; 6.760 ; 6.760 ;
; load[0]    ; s_states[6] ; 6.881 ; 6.881 ; 6.881 ; 6.881 ;
; load[0]    ; s_states[7] ; 6.769 ; 6.769 ; 6.769 ; 6.769 ;
; load[1]    ; s_states[0] ; 6.411 ; 6.411 ; 6.411 ; 6.411 ;
; load[1]    ; s_states[1] ; 6.425 ; 6.425 ; 6.425 ; 6.425 ;
; load[1]    ; s_states[2] ; 6.449 ; 6.449 ; 6.449 ; 6.449 ;
; load[1]    ; s_states[3] ; 6.543 ; 6.543 ; 6.543 ; 6.543 ;
; load[1]    ; s_states[4] ; 6.503 ; 6.503 ; 6.503 ; 6.503 ;
; load[1]    ; s_states[5] ; 6.321 ; 6.321 ; 6.321 ; 6.321 ;
; load[1]    ; s_states[6] ; 6.432 ; 6.432 ; 6.432 ; 6.432 ;
; load[1]    ; s_states[7] ; 6.313 ; 6.313 ; 6.313 ; 6.313 ;
; next_state ; s_states[0] ; 5.628 ; 5.628 ; 5.628 ; 5.628 ;
; next_state ; s_states[1] ; 5.636 ; 5.636 ; 5.636 ; 5.636 ;
; next_state ; s_states[2] ; 5.662 ; 5.662 ; 5.662 ; 5.662 ;
; next_state ; s_states[3] ; 5.760 ; 5.760 ; 5.760 ; 5.760 ;
; next_state ; s_states[4] ; 5.696 ; 5.696 ; 5.696 ; 5.696 ;
; next_state ; s_states[5] ; 5.508 ; 5.508 ; 5.508 ; 5.508 ;
; next_state ; s_states[6] ; 5.622 ; 5.622 ; 5.622 ; 5.622 ;
; next_state ; s_states[7] ; 5.506 ; 5.506 ; 5.506 ; 5.506 ;
; not_reset  ; s_states[0] ; 7.076 ; 5.984 ; 5.984 ; 7.076 ;
; not_reset  ; s_states[1] ; 6.294 ; 5.992 ; 5.992 ; 6.294 ;
; not_reset  ; s_states[2] ; 6.074 ; 6.018 ; 6.018 ; 6.074 ;
; not_reset  ; s_states[3] ; 6.168 ; 6.116 ; 6.116 ; 6.168 ;
; not_reset  ; s_states[4] ; 6.052 ; 6.128 ; 6.128 ; 6.052 ;
; not_reset  ; s_states[5] ; 5.864 ; 5.946 ; 5.946 ; 5.864 ;
; not_reset  ; s_states[6] ; 5.978 ; 6.308 ; 6.308 ; 5.978 ;
; not_reset  ; s_states[7] ; 5.862 ; 6.978 ; 6.978 ; 5.862 ;
+------------+-------------+-------+-------+-------+-------+


+-------------------------------------------------------------------------------+
; Multicorner Timing Analysis Summary                                           ;
+------------------+---------+-------+----------+---------+---------------------+
; Clock            ; Setup   ; Hold  ; Recovery ; Removal ; Minimum Pulse Width ;
+------------------+---------+-------+----------+---------+---------------------+
; Worst-case Slack ; -9.330  ; 0.000 ; -1.522   ; -0.178  ; -1.469              ;
;  clk             ; -9.330  ; 0.000 ; -1.522   ; -0.178  ; -1.469              ;
; Design-wide TNS  ; -11.091 ; 0.0   ; -1.522   ; -0.178  ; -1.469              ;
;  clk             ; -11.091 ; 0.000 ; -1.522   ; -0.178  ; -1.469              ;
+------------------+---------+-------+----------+---------+---------------------+


+--------------------------------------------------------------------------+
; Setup Times                                                              ;
+------------+------------+--------+--------+------------+-----------------+
; Data Port  ; Clock Port ; Rise   ; Fall   ; Clock Edge ; Clock Reference ;
+------------+------------+--------+--------+------------+-----------------+
; clk        ; clk        ; 9.830  ; 9.830  ; Rise       ; clk             ;
; end_state  ; clk        ; 15.406 ; 15.406 ; Rise       ; clk             ;
; load[*]    ; clk        ; 15.724 ; 15.724 ; Rise       ; clk             ;
;  load[0]   ; clk        ; 15.490 ; 15.490 ; Rise       ; clk             ;
;  load[1]   ; clk        ; 15.724 ; 15.724 ; Rise       ; clk             ;
; next_state ; clk        ; 14.382 ; 14.382 ; Rise       ; clk             ;
; not_reset  ; clk        ; 13.821 ; 13.821 ; Rise       ; clk             ;
+------------+------------+--------+--------+------------+-----------------+


+--------------------------------------------------------------------------+
; Hold Times                                                               ;
+------------+------------+--------+--------+------------+-----------------+
; Data Port  ; Clock Port ; Rise   ; Fall   ; Clock Edge ; Clock Reference ;
+------------+------------+--------+--------+------------+-----------------+
; clk        ; clk        ; 0.000  ; 0.000  ; Rise       ; clk             ;
; end_state  ; clk        ; -2.594 ; -2.594 ; Rise       ; clk             ;
; load[*]    ; clk        ; -3.300 ; -3.300 ; Rise       ; clk             ;
;  load[0]   ; clk        ; -3.807 ; -3.807 ; Rise       ; clk             ;
;  load[1]   ; clk        ; -3.300 ; -3.300 ; Rise       ; clk             ;
; next_state ; clk        ; -2.388 ; -2.388 ; Rise       ; clk             ;
; not_reset  ; clk        ; -2.548 ; -2.548 ; Rise       ; clk             ;
+------------+------------+--------+--------+------------+-----------------+


+-----------------------------------------------------------------------------+
; Clock to Output Times                                                       ;
+---------------+------------+--------+--------+------------+-----------------+
; Data Port     ; Clock Port ; Rise   ; Fall   ; Clock Edge ; Clock Reference ;
+---------------+------------+--------+--------+------------+-----------------+
; HLT_indicator ; clk        ; 6.848  ; 6.848  ; Rise       ; clk             ;
; s_states[*]   ; clk        ; 16.472 ; 16.472 ; Rise       ; clk             ;
;  s_states[0]  ; clk        ; 16.139 ; 16.139 ; Rise       ; clk             ;
;  s_states[1]  ; clk        ; 16.152 ; 16.152 ; Rise       ; clk             ;
;  s_states[2]  ; clk        ; 16.182 ; 16.182 ; Rise       ; clk             ;
;  s_states[3]  ; clk        ; 16.472 ; 16.472 ; Rise       ; clk             ;
;  s_states[4]  ; clk        ; 16.406 ; 16.406 ; Rise       ; clk             ;
;  s_states[5]  ; clk        ; 15.845 ; 15.845 ; Rise       ; clk             ;
;  s_states[6]  ; clk        ; 16.165 ; 16.165 ; Rise       ; clk             ;
;  s_states[7]  ; clk        ; 15.796 ; 15.796 ; Rise       ; clk             ;
; s_states[*]   ; clk        ; 16.472 ; 16.472 ; Fall       ; clk             ;
;  s_states[0]  ; clk        ; 16.139 ; 16.139 ; Fall       ; clk             ;
;  s_states[1]  ; clk        ; 16.152 ; 16.152 ; Fall       ; clk             ;
;  s_states[2]  ; clk        ; 16.182 ; 16.182 ; Fall       ; clk             ;
;  s_states[3]  ; clk        ; 16.472 ; 16.472 ; Fall       ; clk             ;
;  s_states[4]  ; clk        ; 16.406 ; 16.406 ; Fall       ; clk             ;
;  s_states[5]  ; clk        ; 15.845 ; 15.845 ; Fall       ; clk             ;
;  s_states[6]  ; clk        ; 16.165 ; 16.165 ; Fall       ; clk             ;
;  s_states[7]  ; clk        ; 15.796 ; 15.796 ; Fall       ; clk             ;
+---------------+------------+--------+--------+------------+-----------------+


+---------------------------------------------------------------------------+
; Minimum Clock to Output Times                                             ;
+---------------+------------+-------+-------+------------+-----------------+
; Data Port     ; Clock Port ; Rise  ; Fall  ; Clock Edge ; Clock Reference ;
+---------------+------------+-------+-------+------------+-----------------+
; HLT_indicator ; clk        ; 2.940 ; 2.940 ; Rise       ; clk             ;
; s_states[*]   ; clk        ; 3.211 ; 3.211 ; Rise       ; clk             ;
;  s_states[0]  ; clk        ; 3.309 ; 3.309 ; Rise       ; clk             ;
;  s_states[1]  ; clk        ; 3.323 ; 3.323 ; Rise       ; clk             ;
;  s_states[2]  ; clk        ; 3.347 ; 3.347 ; Rise       ; clk             ;
;  s_states[3]  ; clk        ; 3.441 ; 3.441 ; Rise       ; clk             ;
;  s_states[4]  ; clk        ; 3.401 ; 3.401 ; Rise       ; clk             ;
;  s_states[5]  ; clk        ; 3.219 ; 3.219 ; Rise       ; clk             ;
;  s_states[6]  ; clk        ; 3.330 ; 3.330 ; Rise       ; clk             ;
;  s_states[7]  ; clk        ; 3.211 ; 3.211 ; Rise       ; clk             ;
; s_states[*]   ; clk        ; 3.211 ; 3.211 ; Fall       ; clk             ;
;  s_states[0]  ; clk        ; 3.309 ; 3.309 ; Fall       ; clk             ;
;  s_states[1]  ; clk        ; 3.323 ; 3.323 ; Fall       ; clk             ;
;  s_states[2]  ; clk        ; 3.347 ; 3.347 ; Fall       ; clk             ;
;  s_states[3]  ; clk        ; 3.441 ; 3.441 ; Fall       ; clk             ;
;  s_states[4]  ; clk        ; 3.401 ; 3.401 ; Fall       ; clk             ;
;  s_states[5]  ; clk        ; 3.219 ; 3.219 ; Fall       ; clk             ;
;  s_states[6]  ; clk        ; 3.330 ; 3.330 ; Fall       ; clk             ;
;  s_states[7]  ; clk        ; 3.211 ; 3.211 ; Fall       ; clk             ;
+---------------+------------+-------+-------+------------+-----------------+


+--------------------------------------------------------------+
; Progagation Delay                                            ;
+------------+-------------+--------+--------+--------+--------+
; Input Port ; Output Port ; RR     ; RF     ; FR     ; FF     ;
+------------+-------------+--------+--------+--------+--------+
; end_state  ; s_states[0] ; 21.715 ; 21.715 ; 21.715 ; 21.715 ;
; end_state  ; s_states[1] ; 21.728 ; 21.728 ; 21.728 ; 21.728 ;
; end_state  ; s_states[2] ; 21.758 ; 21.758 ; 21.758 ; 21.758 ;
; end_state  ; s_states[3] ; 22.048 ; 22.048 ; 22.048 ; 22.048 ;
; end_state  ; s_states[4] ; 21.982 ; 21.982 ; 21.982 ; 21.982 ;
; end_state  ; s_states[5] ; 21.421 ; 21.421 ; 21.421 ; 21.421 ;
; end_state  ; s_states[6] ; 21.741 ; 21.741 ; 21.741 ; 21.741 ;
; end_state  ; s_states[7] ; 21.372 ; 21.372 ; 21.372 ; 21.372 ;
; load[0]    ; s_states[0] ; 21.799 ; 21.799 ; 21.799 ; 21.799 ;
; load[0]    ; s_states[1] ; 21.812 ; 21.812 ; 21.812 ; 21.812 ;
; load[0]    ; s_states[2] ; 21.842 ; 21.842 ; 21.842 ; 21.842 ;
; load[0]    ; s_states[3] ; 22.132 ; 22.132 ; 22.132 ; 22.132 ;
; load[0]    ; s_states[4] ; 22.066 ; 22.066 ; 22.066 ; 22.066 ;
; load[0]    ; s_states[5] ; 21.505 ; 21.505 ; 21.505 ; 21.505 ;
; load[0]    ; s_states[6] ; 21.825 ; 21.825 ; 21.825 ; 21.825 ;
; load[0]    ; s_states[7] ; 21.456 ; 21.456 ; 21.456 ; 21.456 ;
; load[1]    ; s_states[0] ; 22.033 ; 22.033 ; 22.033 ; 22.033 ;
; load[1]    ; s_states[1] ; 22.046 ; 22.046 ; 22.046 ; 22.046 ;
; load[1]    ; s_states[2] ; 22.076 ; 22.076 ; 22.076 ; 22.076 ;
; load[1]    ; s_states[3] ; 22.366 ; 22.366 ; 22.366 ; 22.366 ;
; load[1]    ; s_states[4] ; 22.300 ; 22.300 ; 22.300 ; 22.300 ;
; load[1]    ; s_states[5] ; 21.739 ; 21.739 ; 21.739 ; 21.739 ;
; load[1]    ; s_states[6] ; 22.059 ; 22.059 ; 22.059 ; 22.059 ;
; load[1]    ; s_states[7] ; 21.690 ; 21.690 ; 21.690 ; 21.690 ;
; next_state ; s_states[0] ; 20.691 ; 20.691 ; 20.691 ; 20.691 ;
; next_state ; s_states[1] ; 20.704 ; 20.704 ; 20.704 ; 20.704 ;
; next_state ; s_states[2] ; 20.734 ; 20.734 ; 20.734 ; 20.734 ;
; next_state ; s_states[3] ; 21.024 ; 21.024 ; 21.024 ; 21.024 ;
; next_state ; s_states[4] ; 20.958 ; 20.958 ; 20.958 ; 20.958 ;
; next_state ; s_states[5] ; 20.397 ; 20.397 ; 20.397 ; 20.397 ;
; next_state ; s_states[6] ; 20.717 ; 20.717 ; 20.717 ; 20.717 ;
; next_state ; s_states[7] ; 20.348 ; 20.348 ; 20.348 ; 20.348 ;
; not_reset  ; s_states[0] ; 20.130 ; 20.130 ; 20.130 ; 20.130 ;
; not_reset  ; s_states[1] ; 20.143 ; 20.143 ; 20.143 ; 20.143 ;
; not_reset  ; s_states[2] ; 20.173 ; 20.173 ; 20.173 ; 20.173 ;
; not_reset  ; s_states[3] ; 20.463 ; 20.463 ; 20.463 ; 20.463 ;
; not_reset  ; s_states[4] ; 20.397 ; 20.397 ; 20.397 ; 20.397 ;
; not_reset  ; s_states[5] ; 19.836 ; 19.836 ; 19.836 ; 19.836 ;
; not_reset  ; s_states[6] ; 20.156 ; 20.156 ; 20.156 ; 20.156 ;
; not_reset  ; s_states[7] ; 19.787 ; 19.787 ; 19.787 ; 19.787 ;
+------------+-------------+--------+--------+--------+--------+


+----------------------------------------------------------+
; Minimum Progagation Delay                                ;
+------------+-------------+-------+-------+-------+-------+
; Input Port ; Output Port ; RR    ; RF    ; FR    ; FF    ;
+------------+-------------+-------+-------+-------+-------+
; end_state  ; s_states[0] ; 6.471 ; 6.471 ; 6.471 ; 6.471 ;
; end_state  ; s_states[1] ; 6.485 ; 6.485 ; 6.485 ; 6.485 ;
; end_state  ; s_states[2] ; 6.509 ; 6.509 ; 6.509 ; 6.509 ;
; end_state  ; s_states[3] ; 6.603 ; 6.603 ; 6.603 ; 6.603 ;
; end_state  ; s_states[4] ; 6.563 ; 6.563 ; 6.563 ; 6.563 ;
; end_state  ; s_states[5] ; 6.381 ; 6.381 ; 6.381 ; 6.381 ;
; end_state  ; s_states[6] ; 6.492 ; 6.492 ; 6.492 ; 6.492 ;
; end_state  ; s_states[7] ; 6.373 ; 6.373 ; 6.373 ; 6.373 ;
; load[0]    ; s_states[0] ; 6.870 ; 6.870 ; 6.870 ; 6.870 ;
; load[0]    ; s_states[1] ; 6.867 ; 6.867 ; 6.867 ; 6.867 ;
; load[0]    ; s_states[2] ; 6.903 ; 6.903 ; 6.903 ; 6.903 ;
; load[0]    ; s_states[3] ; 7.001 ; 7.001 ; 7.001 ; 7.001 ;
; load[0]    ; s_states[4] ; 6.964 ; 6.964 ; 6.964 ; 6.964 ;
; load[0]    ; s_states[5] ; 6.760 ; 6.760 ; 6.760 ; 6.760 ;
; load[0]    ; s_states[6] ; 6.881 ; 6.881 ; 6.881 ; 6.881 ;
; load[0]    ; s_states[7] ; 6.769 ; 6.769 ; 6.769 ; 6.769 ;
; load[1]    ; s_states[0] ; 6.411 ; 6.411 ; 6.411 ; 6.411 ;
; load[1]    ; s_states[1] ; 6.425 ; 6.425 ; 6.425 ; 6.425 ;
; load[1]    ; s_states[2] ; 6.449 ; 6.449 ; 6.449 ; 6.449 ;
; load[1]    ; s_states[3] ; 6.543 ; 6.543 ; 6.543 ; 6.543 ;
; load[1]    ; s_states[4] ; 6.503 ; 6.503 ; 6.503 ; 6.503 ;
; load[1]    ; s_states[5] ; 6.321 ; 6.321 ; 6.321 ; 6.321 ;
; load[1]    ; s_states[6] ; 6.432 ; 6.432 ; 6.432 ; 6.432 ;
; load[1]    ; s_states[7] ; 6.313 ; 6.313 ; 6.313 ; 6.313 ;
; next_state ; s_states[0] ; 5.628 ; 5.628 ; 5.628 ; 5.628 ;
; next_state ; s_states[1] ; 5.636 ; 5.636 ; 5.636 ; 5.636 ;
; next_state ; s_states[2] ; 5.662 ; 5.662 ; 5.662 ; 5.662 ;
; next_state ; s_states[3] ; 5.760 ; 5.760 ; 5.760 ; 5.760 ;
; next_state ; s_states[4] ; 5.696 ; 5.696 ; 5.696 ; 5.696 ;
; next_state ; s_states[5] ; 5.508 ; 5.508 ; 5.508 ; 5.508 ;
; next_state ; s_states[6] ; 5.622 ; 5.622 ; 5.622 ; 5.622 ;
; next_state ; s_states[7] ; 5.506 ; 5.506 ; 5.506 ; 5.506 ;
; not_reset  ; s_states[0] ; 7.076 ; 5.984 ; 5.984 ; 7.076 ;
; not_reset  ; s_states[1] ; 6.294 ; 5.992 ; 5.992 ; 6.294 ;
; not_reset  ; s_states[2] ; 6.074 ; 6.018 ; 6.018 ; 6.074 ;
; not_reset  ; s_states[3] ; 6.168 ; 6.116 ; 6.116 ; 6.168 ;
; not_reset  ; s_states[4] ; 6.052 ; 6.128 ; 6.128 ; 6.052 ;
; not_reset  ; s_states[5] ; 5.864 ; 5.946 ; 5.946 ; 5.864 ;
; not_reset  ; s_states[6] ; 5.978 ; 6.308 ; 6.308 ; 5.978 ;
; not_reset  ; s_states[7] ; 5.862 ; 6.978 ; 6.978 ; 5.862 ;
+------------+-------------+-------+-------+-------+-------+


+-------------------------------------------------------------------+
; Setup Transfers                                                   ;
+------------+----------+----------+----------+----------+----------+
; From Clock ; To Clock ; RR Paths ; FR Paths ; RF Paths ; FF Paths ;
+------------+----------+----------+----------+----------+----------+
; clk        ; clk      ; 18       ; 17       ; 0        ; 0        ;
+------------+----------+----------+----------+----------+----------+
Entries labeled "false path" only account for clock-to-clock false paths and not path-based false paths. As a result, actual path counts may be lower than reported.


+-------------------------------------------------------------------+
; Hold Transfers                                                    ;
+------------+----------+----------+----------+----------+----------+
; From Clock ; To Clock ; RR Paths ; FR Paths ; RF Paths ; FF Paths ;
+------------+----------+----------+----------+----------+----------+
; clk        ; clk      ; 18       ; 17       ; 0        ; 0        ;
+------------+----------+----------+----------+----------+----------+
Entries labeled "false path" only account for clock-to-clock false paths and not path-based false paths. As a result, actual path counts may be lower than reported.


+-------------------------------------------------------------------+
; Recovery Transfers                                                ;
+------------+----------+----------+----------+----------+----------+
; From Clock ; To Clock ; RR Paths ; FR Paths ; RF Paths ; FF Paths ;
+------------+----------+----------+----------+----------+----------+
; clk        ; clk      ; 0        ; 0        ; 2        ; 1        ;
+------------+----------+----------+----------+----------+----------+
Entries labeled "false path" only account for clock-to-clock false paths and not path-based false paths. As a result, actual path counts may be lower than reported.


+-------------------------------------------------------------------+
; Removal Transfers                                                 ;
+------------+----------+----------+----------+----------+----------+
; From Clock ; To Clock ; RR Paths ; FR Paths ; RF Paths ; FF Paths ;
+------------+----------+----------+----------+----------+----------+
; clk        ; clk      ; 0        ; 0        ; 2        ; 1        ;
+------------+----------+----------+----------+----------+----------+
Entries labeled "false path" only account for clock-to-clock false paths and not path-based false paths. As a result, actual path counts may be lower than reported.


---------------
; Report TCCS ;
---------------
No dedicated SERDES Transmitter circuitry present in device or used in design


---------------
; Report RSKM ;
---------------
No dedicated SERDES Receiver circuitry present in device or used in design


+------------------------------------------------+
; Unconstrained Paths                            ;
+---------------------------------+-------+------+
; Property                        ; Setup ; Hold ;
+---------------------------------+-------+------+
; Illegal Clocks                  ; 0     ; 0    ;
; Unconstrained Clocks            ; 0     ; 0    ;
; Unconstrained Input Ports       ; 7     ; 7    ;
; Unconstrained Input Port Paths  ; 55    ; 55   ;
; Unconstrained Output Ports      ; 9     ; 9    ;
; Unconstrained Output Port Paths ; 49    ; 49   ;
+---------------------------------+-------+------+


+------------------------------------+
; TimeQuest Timing Analyzer Messages ;
+------------------------------------+
Info: *******************************************************************
Info: Running Quartus II 64-Bit TimeQuest Timing Analyzer
    Info: Version 13.0.1 Build 232 06/12/2013 Service Pack 1 SJ Web Edition
    Info: Processing started: Wed Jan 11 21:02:50 2017
Info: Command: quartus_sta state_generator -c state_generator
Info: qsta_default_script.tcl version: #1
Warning (20028): Parallel compilation is not licensed and has been disabled
Info (21077): Low junction temperature is -40 degrees C
Info (21077): High junction temperature is 125 degrees C
Warning (335093): TimeQuest Timing Analyzer is analyzing 3 combinational loops as latches.
Critical Warning (332012): Synopsys Design Constraints File file not found: 'state_generator.sdc'. A Synopsys Design Constraints File is required by the TimeQuest Timing Analyzer to get proper timing constraints. Without it, the Compiler will not properly optimize the design.
Info (332142): No user constrained base clocks found in the design. Calling "derive_clocks -period 1.0"
Info (332105): Deriving Clocks
    Info (332105): create_clock -period 1.000 -name clk clk
Warning (332125): Found combinational loop of 4 nodes
    Warning (332126): Node "ms_jk_ff_1|nand_1|output~3|combout"
    Warning (332126): Node "ms_jk_ff_1|nand_1|output~1|datad"
    Warning (332126): Node "ms_jk_ff_1|nand_1|output~1|combout"
    Warning (332126): Node "ms_jk_ff_1|nand_1|output~3|dataa"
Warning (332125): Found combinational loop of 11 nodes
    Warning (332126): Node "counter|ff_2|nand_5|output~1|combout"
    Warning (332126): Node "counter|ff_2|nand_1|output~4|datab"
    Warning (332126): Node "counter|ff_2|nand_1|output~4|combout"
    Warning (332126): Node "counter|ff_2|nand_1|output~4|dataa"
    Warning (332126): Node "counter|ff_2|nand_5|output~1|dataa"
    Warning (332126): Node "counter|ff_2|nand_1|output~2|datac"
    Warning (332126): Node "counter|ff_2|nand_1|output~2|combout"
    Warning (332126): Node "counter|ff_2|nand_1|output~3|datac"
    Warning (332126): Node "counter|ff_2|nand_1|output~3|combout"
    Warning (332126): Node "counter|ff_2|nand_1|output~4|datac"
    Warning (332126): Node "counter|ff_2|nand_5|output~1|datab"
Warning (332125): Found combinational loop of 11 nodes
    Warning (332126): Node "counter|ff_1|nand_5|output~1|combout"
    Warning (332126): Node "counter|ff_1|nand_1|output~3|datac"
    Warning (332126): Node "counter|ff_1|nand_1|output~3|combout"
    Warning (332126): Node "counter|ff_1|nand_1|output~3|dataa"
    Warning (332126): Node "counter|ff_1|nand_5|output~1|dataa"
    Warning (332126): Node "counter|ff_1|nand_1|output~1|dataa"
    Warning (332126): Node "counter|ff_1|nand_1|output~1|combout"
    Warning (332126): Node "counter|ff_1|nand_1|output~2|datab"
    Warning (332126): Node "counter|ff_1|nand_1|output~2|combout"
    Warning (332126): Node "counter|ff_1|nand_1|output~3|datad"
    Warning (332126): Node "counter|ff_1|nand_5|output~1|datac"
Warning (332125): Found combinational loop of 9 nodes
    Warning (332126): Node "counter|ff_0|nand_5|output~1|combout"
    Warning (332126): Node "counter|ff_0|nand_1|output~2|datac"
    Warning (332126): Node "counter|ff_0|nand_1|output~2|combout"
    Warning (332126): Node "counter|ff_0|nand_1|output~3|dataa"
    Warning (332126): Node "counter|ff_0|nand_1|output~3|combout"
    Warning (332126): Node "counter|ff_0|nand_1|output~3|datad"
    Warning (332126): Node "counter|ff_0|nand_5|output~1|datab"
    Warning (332126): Node "counter|ff_0|nand_1|output~3|datac"
    Warning (332126): Node "counter|ff_0|nand_5|output~1|datac"
Info: Found TIMEQUEST_REPORT_SCRIPT_INCLUDE_DEFAULT_ANALYSIS = ON
Info: Analyzing Slow Model
Critical Warning (332148): Timing requirements not met
Info (332146): Worst-case setup slack is -9.330
    Info (332119):     Slack End Point TNS Clock 
    Info (332119): ========= ============= =====================
    Info (332119):    -9.330       -11.091 clk 
Info (332146): Worst-case hold slack is 0.102
    Info (332119):     Slack End Point TNS Clock 
    Info (332119): ========= ============= =====================
    Info (332119):     0.102         0.000 clk 
Info (332146): Worst-case recovery slack is -1.522
    Info (332119):     Slack End Point TNS Clock 
    Info (332119): ========= ============= =====================
    Info (332119):    -1.522        -1.522 clk 
Info (332146): Worst-case removal slack is -0.178
    Info (332119):     Slack End Point TNS Clock 
    Info (332119): ========= ============= =====================
    Info (332119):    -0.178        -0.178 clk 
Info (332146): Worst-case minimum pulse width slack is -1.469
    Info (332119):     Slack End Point TNS Clock 
    Info (332119): ========= ============= =====================
    Info (332119):    -1.469        -1.469 clk 
Info (332001): The selected device family is not supported by the report_metastability command.
Info: Analyzing Fast Model
Critical Warning (332148): Timing requirements not met
Info (332146): Worst-case setup slack is -2.660
    Info (332119):     Slack End Point TNS Clock 
    Info (332119): ========= ============= =====================
    Info (332119):    -2.660        -2.885 clk 
Info (332146): Worst-case hold slack is 0.000
    Info (332119):     Slack End Point TNS Clock 
    Info (332119): ========= ============= =====================
    Info (332119):     0.000         0.000 clk 
Info (332146): Worst-case recovery slack is -0.174
    Info (332119):     Slack End Point TNS Clock 
    Info (332119): ========= ============= =====================
    Info (332119):    -0.174        -0.174 clk 
Info (332146): Worst-case removal slack is -0.059
    Info (332119):     Slack End Point TNS Clock 
    Info (332119): ========= ============= =====================
    Info (332119):    -0.059        -0.059 clk 
Info (332146): Worst-case minimum pulse width slack is -1.222
    Info (332119):     Slack End Point TNS Clock 
    Info (332119): ========= ============= =====================
    Info (332119):    -1.222        -1.222 clk 
Info (332001): The selected device family is not supported by the report_metastability command.
Info (332102): Design is not fully constrained for setup requirements
Info (332102): Design is not fully constrained for hold requirements
Info: Quartus II 64-Bit TimeQuest Timing Analyzer was successful. 0 errors, 44 warnings
    Info: Peak virtual memory: 583 megabytes
    Info: Processing ended: Wed Jan 11 21:02:50 2017
    Info: Elapsed time: 00:00:00
    Info: Total CPU time (on all processors): 00:00:01


